Component: ARM Compiler 5.06 update 7 (build 960) Tool: armlink [4d3601]

==============================================================================

Section Cross References

    startup_stm32f429xx.o(RESET) refers to startup_stm32f429xx.o(STACK) for __initial_sp
    startup_stm32f429xx.o(RESET) refers to startup_stm32f429xx.o(.text) for Reset_Handler
    startup_stm32f429xx.o(RESET) refers to stm32f4xx_it.o(i.NMI_Handler) for NMI_Handler
    startup_stm32f429xx.o(RESET) refers to stm32f4xx_it.o(i.HardFault_Handler) for HardFault_Handler
    startup_stm32f429xx.o(RESET) refers to stm32f4xx_it.o(i.MemManage_Handler) for MemManage_Handler
    startup_stm32f429xx.o(RESET) refers to stm32f4xx_it.o(i.BusFault_Handler) for BusFault_Handler
    startup_stm32f429xx.o(RESET) refers to stm32f4xx_it.o(i.UsageFault_Handler) for UsageFault_Handler
    startup_stm32f429xx.o(RESET) refers to stm32f4xx_it.o(i.SVC_Handler) for SVC_Handler
    startup_stm32f429xx.o(RESET) refers to stm32f4xx_it.o(i.DebugMon_Handler) for DebugMon_Handler
    startup_stm32f429xx.o(RESET) refers to stm32f4xx_it.o(i.PendSV_Handler) for PendSV_Handler
    startup_stm32f429xx.o(RESET) refers to stm32f4xx_it.o(i.SysTick_Handler) for SysTick_Handler
    startup_stm32f429xx.o(RESET) refers to stm32f4xx_it.o(i.TIM7_IRQHandler) for TIM7_IRQHandler
    startup_stm32f429xx.o(.text) refers to system_stm32f4xx.o(i.SystemInit) for SystemInit
    startup_stm32f429xx.o(.text) refers to entry.o(.ARM.Collect$$$$00000000) for __main
    main.o(i.HAL_TIM_PeriodElapsedCallback) refers to stm32f4xx_hal.o(i.HAL_IncTick) for HAL_IncTick
    main.o(i.SystemClock_Config) refers to memseta.o(.text) for __aeabi_memclr4
    main.o(i.SystemClock_Config) refers to stm32f4xx_hal_rcc.o(i.HAL_RCC_OscConfig) for HAL_RCC_OscConfig
    main.o(i.SystemClock_Config) refers to stm32f4xx_hal_pwr_ex.o(i.HAL_PWREx_EnableOverDrive) for HAL_PWREx_EnableOverDrive
    main.o(i.SystemClock_Config) refers to stm32f4xx_hal_rcc.o(i.HAL_RCC_ClockConfig) for HAL_RCC_ClockConfig
    main.o(i.fputc) refers to stm32f4xx_hal_uart.o(i.HAL_UART_Transmit) for HAL_UART_Transmit
    main.o(i.fputc) refers to usart.o(.bss) for huart1
    main.o(i.main) refers to stm32f4xx_hal.o(i.HAL_Init) for HAL_Init
    main.o(i.main) refers to main.o(i.SystemClock_Config) for SystemClock_Config
    main.o(i.main) refers to gpio.o(i.MX_GPIO_Init) for MX_GPIO_Init
    main.o(i.main) refers to usart.o(i.MX_USART1_UART_Init) for MX_USART1_UART_Init
    main.o(i.main) refers to spi.o(i.MX_SPI1_Init) for MX_SPI1_Init
    main.o(i.main) refers to ch395cmd.o(i.CH395_Init) for CH395_Init
    main.o(i.main) refers to stm32f4xx_hal.o(i.HAL_Delay) for HAL_Delay
    main.o(i.main) refers to ch395cmd.o(i.CH395CMDGetPHYStatus) for CH395CMDGetPHYStatus
    main.o(i.main) refers to ch395cmd.o(i.CH395_InitSocketParam) for CH395_InitSocketParam
    main.o(i.main) refers to stm32f4xx_hal_gpio.o(i.HAL_GPIO_ReadPin) for HAL_GPIO_ReadPin
    main.o(i.main) refers to ch395cmd.o(i.CH395_SocketIRQ) for CH395_SocketIRQ
    main.o(i.main) refers to modbustcp.o(.data) for Socket_0
    gpio.o(i.MX_GPIO_Init) refers to memseta.o(.text) for __aeabi_memclr4
    gpio.o(i.MX_GPIO_Init) refers to stm32f4xx_hal_gpio.o(i.HAL_GPIO_WritePin) for HAL_GPIO_WritePin
    gpio.o(i.MX_GPIO_Init) refers to stm32f4xx_hal_gpio.o(i.HAL_GPIO_Init) for HAL_GPIO_Init
    spi.o(i.HAL_SPI_MspDeInit) refers to stm32f4xx_hal_gpio.o(i.HAL_GPIO_DeInit) for HAL_GPIO_DeInit
    spi.o(i.HAL_SPI_MspInit) refers to memseta.o(.text) for __aeabi_memclr4
    spi.o(i.HAL_SPI_MspInit) refers to stm32f4xx_hal_gpio.o(i.HAL_GPIO_Init) for HAL_GPIO_Init
    spi.o(i.MX_SPI1_Init) refers to stm32f4xx_hal_spi.o(i.HAL_SPI_Init) for HAL_SPI_Init
    spi.o(i.MX_SPI1_Init) refers to main.o(i.Error_Handler) for Error_Handler
    spi.o(i.MX_SPI1_Init) refers to spi.o(.bss) for .bss
    usart.o(i.HAL_UART_MspDeInit) refers to stm32f4xx_hal_gpio.o(i.HAL_GPIO_DeInit) for HAL_GPIO_DeInit
    usart.o(i.HAL_UART_MspInit) refers to memseta.o(.text) for __aeabi_memclr4
    usart.o(i.HAL_UART_MspInit) refers to stm32f4xx_hal_gpio.o(i.HAL_GPIO_Init) for HAL_GPIO_Init
    usart.o(i.MX_USART1_UART_Init) refers to stm32f4xx_hal_uart.o(i.HAL_UART_Init) for HAL_UART_Init
    usart.o(i.MX_USART1_UART_Init) refers to main.o(i.Error_Handler) for Error_Handler
    usart.o(i.MX_USART1_UART_Init) refers to usart.o(.bss) for .bss
    stm32f4xx_it.o(i.TIM7_IRQHandler) refers to stm32f4xx_hal_tim.o(i.HAL_TIM_IRQHandler) for HAL_TIM_IRQHandler
    stm32f4xx_it.o(i.TIM7_IRQHandler) refers to stm32f4xx_hal_timebase_tim.o(.bss) for htim7
    stm32f4xx_hal_timebase_tim.o(i.HAL_InitTick) refers to stm32f4xx_hal_cortex.o(i.HAL_NVIC_SetPriority) for HAL_NVIC_SetPriority
    stm32f4xx_hal_timebase_tim.o(i.HAL_InitTick) refers to stm32f4xx_hal_cortex.o(i.HAL_NVIC_EnableIRQ) for HAL_NVIC_EnableIRQ
    stm32f4xx_hal_timebase_tim.o(i.HAL_InitTick) refers to stm32f4xx_hal_rcc.o(i.HAL_RCC_GetClockConfig) for HAL_RCC_GetClockConfig
[...]
    Removing stm32f4xx_hal_pwr.o(i.HAL_PWR_ConfigPVD), (124 bytes).
    Removing stm32f4xx_hal_pwr.o(i.HAL_PWR_DeInit), (24 bytes).
    Removing stm32f4xx_hal_pwr.o(i.HAL_PWR_DisableBkUpAccess), (24 bytes).
    Removing stm32f4xx_hal_pwr.o(i.HAL_PWR_DisablePVD), (12 bytes).
    Removing stm32f4xx_hal_pwr.o(i.HAL_PWR_DisableSEVOnPend), (16 bytes).
    Removing stm32f4xx_hal_pwr.o(i.HAL_PWR_DisableSleepOnExit), (16 bytes).
    Removing stm32f4xx_hal_pwr.o(i.HAL_PWR_DisableWakeUpPin), (16 bytes).
    Removing stm32f4xx_hal_pwr.o(i.HAL_PWR_EnableBkUpAccess), (24 bytes).
    Removing stm32f4xx_hal_pwr.o(i.HAL_PWR_EnablePVD), (12 bytes).
    Removing stm32f4xx_hal_pwr.o(i.HAL_PWR_EnableSEVOnPend), (16 bytes).
    Removing stm32f4xx_hal_pwr.o(i.HAL_PWR_EnableSleepOnExit), (16 bytes).
    Removing stm32f4xx_hal_pwr.o(i.HAL_PWR_EnableWakeUpPin), (16 bytes).
    Removing stm32f4xx_hal_pwr.o(i.HAL_PWR_EnterSLEEPMode), (32 bytes).
    Removing stm32f4xx_hal_pwr.o(i.HAL_PWR_EnterSTANDBYMode), (32 bytes).
    Removing stm32f4xx_hal_pwr.o(i.HAL_PWR_EnterSTOPMode), (56 bytes).
    Removing stm32f4xx_hal_pwr.o(i.HAL_PWR_PVDCallback), (2 bytes).
    Removing stm32f4xx_hal_pwr.o(i.HAL_PWR_PVD_IRQHandler), (28 bytes).
    Removing stm32f4xx_hal_pwr_ex.o(.rev16_text), (4 bytes).
    Removing stm32f4xx_hal_pwr_ex.o(.revsh_text), (4 bytes).
    Removing stm32f4xx_hal_pwr_ex.o(.rrx_text), (6 bytes).
    Removing stm32f4xx_hal_pwr_ex.o(i.HAL_PWREx_ControlVoltageScaling), (176 bytes).
    Removing stm32f4xx_hal_pwr_ex.o(i.HAL_PWREx_DisableBkUpReg), (60 bytes).
    Removing stm32f4xx_hal_pwr_ex.o(i.HAL_PWREx_DisableFlashPowerDown), (12 bytes).
    Removing stm32f4xx_hal_pwr_ex.o(i.HAL_PWREx_DisableOverDrive), (112 bytes).
    Removing stm32f4xx_hal_pwr_ex.o(i.HAL_PWREx_EnableBkUpReg), (60 bytes).
    Removing stm32f4xx_hal_pwr_ex.o(i.HAL_PWREx_EnableFlashPowerDown), (12 bytes).
    Removing stm32f4xx_hal_pwr_ex.o(i.HAL_PWREx_EnterUnderDriveSTOPMode), (96 bytes).
    Removing stm32f4xx_hal_pwr_ex.o(i.HAL_PWREx_GetVoltageRange), (16 bytes).
    Removing stm32f4xx_hal_cortex.o(.rev16_text), (4 bytes).
    Removing stm32f4xx_hal_cortex.o(.revsh_text), (4 bytes).
    Removing stm32f4xx_hal_cortex.o(.rrx_text), (6 bytes).
    Removing stm32f4xx_hal_cortex.o(i.HAL_MPU_ConfigRegion), (84 bytes).
    Removing stm32f4xx_hal_cortex.o(i.HAL_MPU_Disable), (28 bytes).
    Removing stm32f4xx_hal_cortex.o(i.HAL_MPU_Enable), (36 bytes).
    Removing stm32f4xx_hal_cortex.o(i.HAL_NVIC_ClearPendingIRQ), (26 bytes).
    Removing stm32f4xx_hal_cortex.o(i.HAL_NVIC_DisableIRQ), (34 bytes).
    Removing stm32f4xx_hal_cortex.o(i.HAL_NVIC_GetActive), (36 bytes).
    Removing stm32f4xx_hal_cortex.o(i.HAL_NVIC_GetPendingIRQ), (36 bytes).
    Removing stm32f4xx_hal_cortex.o(i.HAL_NVIC_GetPriority), (82 bytes).
    Removing stm32f4xx_hal_cortex.o(i.HAL_NVIC_GetPriorityGrouping), (16 bytes).
    Removing stm32f4xx_hal_cortex.o(i.HAL_NVIC_SetPendingIRQ), (26 bytes).
    Removing stm32f4xx_hal_cortex.o(i.HAL_NVIC_SystemReset), (36 bytes).
    Removing stm32f4xx_hal_cortex.o(i.HAL_SYSTICK_CLKSourceConfig), (24 bytes).
    Removing stm32f4xx_hal_cortex.o(i.HAL_SYSTICK_Callback), (2 bytes).
    Removing stm32f4xx_hal_cortex.o(i.HAL_SYSTICK_Config), (40 bytes).
    Removing stm32f4xx_hal_cortex.o(i.HAL_SYSTICK_IRQHandler), (8 bytes).
    Removing stm32f4xx_hal.o(.rev16_text), (4 bytes).
    Removing stm32f4xx_hal.o(.revsh_text), (4 bytes).
    Removing stm32f4xx_hal.o(.rrx_text), (6 bytes).
    Removing stm32f4xx_hal.o(i.HAL_DBGMCU_DisableDBGSleepMode), (16 bytes).
    Removing stm32f4xx_hal.o(i.HAL_DBGMCU_DisableDBGStandbyMode), (16 bytes).
    Removing stm32f4xx_hal.o(i.HAL_DBGMCU_DisableDBGStopMode), (16 bytes).
    Removing stm32f4xx_hal.o(i.HAL_DBGMCU_EnableDBGSleepMode), (16 bytes).
    Removing stm32f4xx_hal.o(i.HAL_DBGMCU_EnableDBGStandbyMode), (16 bytes).
    Removing stm32f4xx_hal.o(i.HAL_DBGMCU_EnableDBGStopMode), (16 bytes).
    Removing stm32f4xx_hal.o(i.HAL_DeInit), (52 bytes).
    Removing stm32f4xx_hal.o(i.HAL_DisableCompensationCell), (12 bytes).
    Removing stm32f4xx_hal.o(i.HAL_DisableMemorySwappingBank), (12 bytes).
    Removing stm32f4xx_hal.o(i.HAL_EnableCompensationCell), (12 bytes).
    Removing stm32f4xx_hal.o(i.HAL_EnableMemorySwappingBank), (12 bytes).
    Removing stm32f4xx_hal.o(i.HAL_GetDEVID), (16 bytes).
    Removing stm32f4xx_hal.o(i.HAL_GetHalVersion), (8 bytes).
    Removing stm32f4xx_hal.o(i.HAL_GetREVID), (12 bytes).
    Removing stm32f4xx_hal.o(i.HAL_GetTickFreq), (12 bytes).
    Removing stm32f4xx_hal.o(i.HAL_GetTickPrio), (12 bytes).
    Removing stm32f4xx_hal.o(i.HAL_GetUIDw0), (12 bytes).
    Removing stm32f4xx_hal.o(i.HAL_GetUIDw1), (12 bytes).
    Removing stm32f4xx_hal.o(i.HAL_GetUIDw2), (12 bytes).
    Removing stm32f4xx_hal.o(i.HAL_InitTick), (64 bytes).
    Removing stm32f4xx_hal.o(i.HAL_MspDeInit), (2 bytes).
    Removing stm32f4xx_hal.o(i.HAL_MspInit), (2 bytes).
    Removing stm32f4xx_hal.o(i.HAL_ResumeTick), (14 bytes).
    Removing stm32f4xx_hal.o(i.HAL_SetTickFreq), (36 bytes).
    Removing stm32f4xx_hal.o(i.HAL_SuspendTick), (14 bytes).
    Removing stm32f4xx_hal_exti.o(.rev16_text), (4 bytes).
    Removing stm32f4xx_hal_exti.o(.revsh_text), (4 bytes).
    Removing stm32f4xx_hal_exti.o(.rrx_text), (6 bytes).
    Removing stm32f4xx_hal_exti.o(i.HAL_EXTI_ClearConfigLine), (108 bytes).
    Removing stm32f4xx_hal_exti.o(i.HAL_EXTI_ClearPending), (20 bytes).
    Removing stm32f4xx_hal_exti.o(i.HAL_EXTI_GenerateSWI), (20 bytes).
    Removing stm32f4xx_hal_exti.o(i.HAL_EXTI_GetConfigLine), (156 bytes).
    Removing stm32f4xx_hal_exti.o(i.HAL_EXTI_GetHandle), (12 bytes).
    Removing stm32f4xx_hal_exti.o(i.HAL_EXTI_GetPending), (24 bytes).
    Removing stm32f4xx_hal_exti.o(i.HAL_EXTI_IRQHandler), (36 bytes).
    Removing stm32f4xx_hal_exti.o(i.HAL_EXTI_RegisterCallback), (14 bytes).
    Removing stm32f4xx_hal_exti.o(i.HAL_EXTI_SetConfigLine), (168 bytes).
    Removing stm32f4xx_hal_tim.o(.rev16_text), (4 bytes).
    Removing stm32f4xx_hal_tim.o(.revsh_text), (4 bytes).
    Removing stm32f4xx_hal_tim.o(.rrx_text), (6 bytes).
    Removing stm32f4xx_hal_tim.o(i.HAL_TIM_Base_DeInit), (92 bytes).
    Removing stm32f4xx_hal_tim.o(i.HAL_TIM_Base_GetState), (6 bytes).
    Removing stm32f4xx_hal_tim.o(i.HAL_TIM_Base_MspDeInit), (2 bytes).
    Removing stm32f4xx_hal_tim.o(i.HAL_TIM_Base_Start), (120 bytes).
    Removing stm32f4xx_hal_tim.o(i.HAL_TIM_Base_Start_DMA), (192 bytes).
    Removing stm32f4xx_hal_tim.o(i.HAL_TIM_Base_Stop), (38 bytes).
    Removing stm32f4xx_hal_tim.o(i.HAL_TIM_Base_Stop_DMA), (58 bytes).
    Removing stm32f4xx_hal_tim.o(i.HAL_TIM_Base_Stop_IT), (48 bytes).
    Removing stm32f4xx_hal_tim.o(i.HAL_TIM_ConfigClockSource), (214 bytes).
    Removing stm32f4xx_hal_tim.o(i.HAL_TIM_ConfigOCrefClear), (210 bytes).
    Removing stm32f4xx_hal_tim.o(i.HAL_TIM_ConfigTI1Input), (16 bytes).
    Removing stm32f4xx_hal_tim.o(i.HAL_TIM_DMABurstState), (6 bytes).
    Removing stm32f4xx_hal_tim.o(i.HAL_TIM_DMABurst_MultiReadStart), (324 bytes).
    Removing stm32f4xx_hal_tim.o(i.HAL_TIM_DMABurst_MultiWriteStart), (324 bytes).
    Removing stm32f4xx_hal_tim.o(i.HAL_TIM_DMABurst_ReadStart), (18 bytes).
    Removing stm32f4xx_hal_tim.o(i.HAL_TIM_DMABurst_ReadStop), (102 bytes).
    Removing stm32f4xx_hal_tim.o(i.HAL_TIM_DMABurst_WriteStart), (18 bytes).
    Removing stm32f4xx_hal_tim.o(i.HAL_TIM_DMABurst_WriteStop), (102 bytes).
    Removing stm32f4xx_hal_tim.o(i.HAL_TIM_Encoder_DeInit), (76 bytes).
    Removing stm32f4xx_hal_tim.o(i.HAL_TIM_Encoder_GetState), (6 bytes).
    Removing stm32f4xx_hal_tim.o(i.HAL_TIM_Encoder_Init), (164 bytes).
    Removing stm32f4xx_hal_tim.o(i.HAL_TIM_Encoder_MspDeInit), (2 bytes).
    Removing stm32f4xx_hal_tim.o(i.HAL_TIM_Encoder_MspInit), (2 bytes).
    Removing stm32f4xx_hal_tim.o(i.HAL_TIM_Encoder_Start), (142 bytes).
    Removing stm32f4xx_hal_tim.o(i.HAL_TIM_Encoder_Start_DMA), (460 bytes).
    Removing stm32f4xx_hal_tim.o(i.HAL_TIM_Encoder_Start_IT), (182 bytes).
    Removing stm32f4xx_hal_tim.o(i.HAL_TIM_Encoder_Stop), (102 bytes).
    Removing stm32f4xx_hal_tim.o(i.HAL_TIM_Encoder_Stop_DMA), (172 bytes).
    Removing stm32f4xx_hal_tim.o(i.HAL_TIM_Encoder_Stop_IT), (144 bytes).
    Removing stm32f4xx_hal_tim.o(i.HAL_TIM_ErrorCallback), (2 bytes).
    Removing stm32f4xx_hal_tim.o(i.HAL_TIM_GenerateEvent), (38 bytes).
    Removing stm32f4xx_hal_tim.o(i.HAL_TIM_GetActiveChannel), (4 bytes).
    Removing stm32f4xx_hal_tim.o(i.HAL_TIM_GetChannelState), (34 bytes).
    Removing stm32f4xx_hal_tim.o(i.HAL_TIM_IC_CaptureHalfCpltCallback), (2 bytes).
    Removing stm32f4xx_hal_tim.o(i.HAL_TIM_IC_ConfigChannel), (270 bytes).
    Removing stm32f4xx_hal_tim.o(i.HAL_TIM_IC_DeInit), (92 bytes).
    Removing stm32f4xx_hal_tim.o(i.HAL_TIM_IC_GetState), (6 bytes).
    Removing stm32f4xx_hal_tim.o(i.HAL_TIM_IC_Init), (90 bytes).
    Removing stm32f4xx_hal_tim.o(i.HAL_TIM_IC_MspDeInit), (2 bytes).
    Removing stm32f4xx_hal_tim.o(i.HAL_TIM_IC_MspInit), (2 bytes).
    Removing stm32f4xx_hal_tim.o(i.HAL_TIM_IC_Start), (228 bytes).
    Removing stm32f4xx_hal_tim.o(i.HAL_TIM_IC_Start_DMA), (416 bytes).
    Removing stm32f4xx_hal_tim.o(i.HAL_TIM_IC_Start_IT), (264 bytes).
    Removing stm32f4xx_hal_tim.o(i.HAL_TIM_IC_Stop), (82 bytes).
    Removing stm32f4xx_hal_tim.o(i.HAL_TIM_IC_Stop_DMA), (156 bytes).
    Removing stm32f4xx_hal_tim.o(i.HAL_TIM_IC_Stop_IT), (134 bytes).
    Removing stm32f4xx_hal_tim.o(i.HAL_TIM_OC_ConfigChannel), (76 bytes).
    Removing stm32f4xx_hal_tim.o(i.HAL_TIM_OC_DeInit), (92 bytes).
    Removing stm32f4xx_hal_tim.o(i.HAL_TIM_OC_GetState), (6 bytes).
    Removing stm32f4xx_hal_tim.o(i.HAL_TIM_OC_Init), (90 bytes).
    Removing stm32f4xx_hal_tim.o(i.HAL_TIM_OC_MspDeInit), (2 bytes).
    Removing stm32f4xx_hal_tim.o(i.HAL_TIM_OC_MspInit), (2 bytes).
    Removing stm32f4xx_hal_tim.o(i.HAL_TIM_OC_Start), (200 bytes).
    Removing stm32f4xx_hal_tim.o(i.HAL_TIM_OC_Start_DMA), (432 bytes).
    Removing stm32f4xx_hal_tim.o(i.HAL_TIM_OC_Start_IT), (240 bytes).
    Removing stm32f4xx_hal_tim.o(i.HAL_TIM_OC_Stop), (124 bytes).
    Removing stm32f4xx_hal_tim.o(i.HAL_TIM_OC_Stop_DMA), (192 bytes).
    Removing stm32f4xx_hal_tim.o(i.HAL_TIM_OC_Stop_IT), (176 bytes).
    Removing stm32f4xx_hal_tim.o(i.HAL_TIM_OnePulse_ConfigChannel), (218 bytes).
    Removing stm32f4xx_hal_tim.o(i.HAL_TIM_OnePulse_DeInit), (76 bytes).
    Removing stm32f4xx_hal_tim.o(i.HAL_TIM_OnePulse_GetState), (6 bytes).
    Removing stm32f4xx_hal_tim.o(i.HAL_TIM_OnePulse_Init), (86 bytes).
    Removing stm32f4xx_hal_tim.o(i.HAL_TIM_OnePulse_MspDeInit), (2 bytes).
    Removing stm32f4xx_hal_tim.o(i.HAL_TIM_OnePulse_MspInit), (2 bytes).
    Removing stm32f4xx_hal_tim.o(i.HAL_TIM_OnePulse_Start), (112 bytes).
    Removing stm32f4xx_hal_tim.o(i.HAL_TIM_OnePulse_Start_IT), (132 bytes).
    Removing stm32f4xx_hal_tim.o(i.HAL_TIM_OnePulse_Stop), (112 bytes).
    Removing stm32f4xx_hal_tim.o(i.HAL_TIM_OnePulse_Stop_IT), (132 bytes).
    Removing stm32f4xx_hal_tim.o(i.HAL_TIM_PWM_ConfigChannel), (198 bytes).
    Removing stm32f4xx_hal_tim.o(i.HAL_TIM_PWM_DeInit), (92 bytes).
    Removing stm32f4xx_hal_tim.o(i.HAL_TIM_PWM_GetState), (6 bytes).
    Removing stm32f4xx_hal_tim.o(i.HAL_TIM_PWM_Init), (90 bytes).
    Removing stm32f4xx_hal_tim.o(i.HAL_TIM_PWM_MspDeInit), (2 bytes).
    Removing stm32f4xx_hal_tim.o(i.HAL_TIM_PWM_MspInit), (2 bytes).
    Removing stm32f4xx_hal_tim.o(i.HAL_TIM_PWM_PulseFinishedHalfCpltCallback), (2 bytes).
    Removing stm32f4xx_hal_tim.o(i.HAL_TIM_PWM_Start), (200 bytes).
    Removing stm32f4xx_hal_tim.o(i.HAL_TIM_PWM_Start_DMA), (432 bytes).
    Removing stm32f4xx_hal_tim.o(i.HAL_TIM_PWM_Start_IT), (240 bytes).
    Removing stm32f4xx_hal_tim.o(i.HAL_TIM_PWM_Stop), (124 bytes).
    Removing stm32f4xx_hal_tim.o(i.HAL_TIM_PWM_Stop_DMA), (192 bytes).
    Removing stm32f4xx_hal_tim.o(i.HAL_TIM_PWM_Stop_IT), (176 bytes).
    Removing stm32f4xx_hal_tim.o(i.HAL_TIM_PeriodElapsedCallback), (2 bytes).
    Removing stm32f4xx_hal_tim.o(i.HAL_TIM_PeriodElapsedHalfCpltCallback), (2 bytes).
    Removing stm32f4xx_hal_tim.o(i.HAL_TIM_ReadCapturedValue), (42 bytes).
    Removing stm32f4xx_hal_tim.o(i.HAL_TIM_SlaveConfigSynchro), (86 bytes).
    Removing stm32f4xx_hal_tim.o(i.HAL_TIM_SlaveConfigSynchro_IT), (86 bytes).
    Removing stm32f4xx_hal_tim.o(i.HAL_TIM_TriggerHalfCpltCallback), (2 bytes).
    Removing stm32f4xx_hal_tim.o(i.TIM_CCxChannelCmd), (26 bytes).
    Removing stm32f4xx_hal_tim.o(i.TIM_DMACaptureCplt), (110 bytes).
    Removing stm32f4xx_hal_tim.o(i.TIM_DMACaptureHalfCplt), (56 bytes).
    Removing stm32f4xx_hal_tim.o(i.TIM_DMADelayPulseCplt), (94 bytes).
    Removing stm32f4xx_hal_tim.o(i.TIM_DMADelayPulseHalfCplt), (56 bytes).
    Removing stm32f4xx_hal_tim.o(i.TIM_DMAError), (84 bytes).
    Removing stm32f4xx_hal_tim.o(i.TIM_DMAPeriodElapsedCplt), (22 bytes).
    Removing stm32f4xx_hal_tim.o(i.TIM_DMAPeriodElapsedHalfCplt), (10 bytes).
    Removing stm32f4xx_hal_tim.o(i.TIM_DMATriggerCplt), (22 bytes).
    Removing stm32f4xx_hal_tim.o(i.TIM_DMATriggerHalfCplt), (10 bytes).
    Removing stm32f4xx_hal_tim.o(i.TIM_ETR_SetConfig), (20 bytes).
    Removing stm32f4xx_hal_tim.o(i.TIM_ITRx_SetConfig), (16 bytes).
    Removing stm32f4xx_hal_tim.o(i.TIM_OC1_SetConfig), (96 bytes).
    Removing stm32f4xx_hal_tim.o(i.TIM_OC2_SetConfig), (108 bytes).
    Removing stm32f4xx_hal_tim.o(i.TIM_OC3_SetConfig), (104 bytes).
    Removing stm32f4xx_hal_tim.o(i.TIM_OC4_SetConfig), (80 bytes).
    Removing stm32f4xx_hal_tim.o(i.TIM_SlaveTimer_SetConfig), (134 bytes).
    Removing stm32f4xx_hal_tim.o(i.TIM_TI1_ConfigInputStage), (34 bytes).
    Removing stm32f4xx_hal_tim.o(i.TIM_TI1_SetConfig), (128 bytes).
    Removing stm32f4xx_hal_tim.o(i.TIM_TI2_ConfigInputStage), (36 bytes).
    Removing stm32f4xx_hal_tim.o(i.TIM_TI2_SetConfig), (54 bytes).
    Removing stm32f4xx_hal_tim_ex.o(.rev16_text), (4 bytes).
    Removing stm32f4xx_hal_tim_ex.o(.revsh_text), (4 bytes).
    Removing stm32f4xx_hal_tim_ex.o(.rrx_text), (6 bytes).
    Removing stm32f4xx_hal_tim_ex.o(i.HAL_TIMEx_CommutHalfCpltCallback), (2 bytes).
    Removing stm32f4xx_hal_tim_ex.o(i.HAL_TIMEx_ConfigBreakDeadTime), (84 bytes).
    Removing stm32f4xx_hal_tim_ex.o(i.HAL_TIMEx_ConfigCommutEvent), (112 bytes).
    Removing stm32f4xx_hal_tim_ex.o(i.HAL_TIMEx_ConfigCommutEvent_DMA), (144 bytes).
    Removing stm32f4xx_hal_tim_ex.o(i.HAL_TIMEx_ConfigCommutEvent_IT), (112 bytes).
    Removing stm32f4xx_hal_tim_ex.o(i.HAL_TIMEx_GetChannelNState), (34 bytes).
    Removing stm32f4xx_hal_tim_ex.o(i.HAL_TIMEx_HallSensor_DeInit), (76 bytes).
    Removing stm32f4xx_hal_tim_ex.o(i.HAL_TIMEx_HallSensor_GetState), (6 bytes).
    Removing stm32f4xx_hal_tim_ex.o(i.HAL_TIMEx_HallSensor_Init), (208 bytes).
    Removing stm32f4xx_hal_tim_ex.o(i.HAL_TIMEx_HallSensor_MspDeInit), (2 bytes).
    Removing stm32f4xx_hal_tim_ex.o(i.HAL_TIMEx_HallSensor_MspInit), (2 bytes).
    Removing stm32f4xx_hal_tim_ex.o(i.HAL_TIMEx_HallSensor_Start), (168 bytes).
    Removing stm32f4xx_hal_tim_ex.o(i.HAL_TIMEx_HallSensor_Start_DMA), (224 bytes).
    Removing stm32f4xx_hal_tim_ex.o(i.HAL_TIMEx_HallSensor_Start_IT), (180 bytes).
    Removing stm32f4xx_hal_tim_ex.o(i.HAL_TIMEx_HallSensor_Stop), (58 bytes).
    Removing stm32f4xx_hal_tim_ex.o(i.HAL_TIMEx_HallSensor_Stop_DMA), (70 bytes).
    Removing stm32f4xx_hal_tim_ex.o(i.HAL_TIMEx_HallSensor_Stop_IT), (68 bytes).
    Removing stm32f4xx_hal_tim_ex.o(i.HAL_TIMEx_MasterConfigSynchronization), (144 bytes).
    Removing stm32f4xx_hal_tim_ex.o(i.HAL_TIMEx_OCN_Start), (192 bytes).
    Removing stm32f4xx_hal_tim_ex.o(i.HAL_TIMEx_OCN_Start_DMA), (376 bytes).
    Removing stm32f4xx_hal_tim_ex.o(i.HAL_TIMEx_OCN_Start_IT), (228 bytes).
    Removing stm32f4xx_hal_tim_ex.o(i.HAL_TIMEx_OCN_Stop), (104 bytes).
    Removing stm32f4xx_hal_tim_ex.o(i.HAL_TIMEx_OCN_Stop_DMA), (158 bytes).
    Removing stm32f4xx_hal_tim_ex.o(i.HAL_TIMEx_OCN_Stop_IT), (160 bytes).
    Removing stm32f4xx_hal_tim_ex.o(i.HAL_TIMEx_OnePulseN_Start), (100 bytes).
    Removing stm32f4xx_hal_tim_ex.o(i.HAL_TIMEx_OnePulseN_Start_IT), (120 bytes).
    Removing stm32f4xx_hal_tim_ex.o(i.HAL_TIMEx_OnePulseN_Stop), (98 bytes).
    Removing stm32f4xx_hal_tim_ex.o(i.HAL_TIMEx_OnePulseN_Stop_IT), (120 bytes).
    Removing stm32f4xx_hal_tim_ex.o(i.HAL_TIMEx_PWMN_Start), (192 bytes).
    Removing stm32f4xx_hal_tim_ex.o(i.HAL_TIMEx_PWMN_Start_DMA), (376 bytes).
    Removing stm32f4xx_hal_tim_ex.o(i.HAL_TIMEx_PWMN_Start_IT), (228 bytes).
    Removing stm32f4xx_hal_tim_ex.o(i.HAL_TIMEx_PWMN_Stop), (104 bytes).
    Removing stm32f4xx_hal_tim_ex.o(i.HAL_TIMEx_PWMN_Stop_DMA), (158 bytes).
    Removing stm32f4xx_hal_tim_ex.o(i.HAL_TIMEx_PWMN_Stop_IT), (160 bytes).
    Removing stm32f4xx_hal_tim_ex.o(i.HAL_TIMEx_RemapConfig), (28 bytes).
    Removing stm32f4xx_hal_tim_ex.o(i.TIMEx_DMACommutationCplt), (16 bytes).
    Removing stm32f4xx_hal_tim_ex.o(i.TIMEx_DMACommutationHalfCplt), (16 bytes).
    Removing stm32f4xx_hal_tim_ex.o(i.TIM_CCxNChannelCmd), (26 bytes).
    Removing stm32f4xx_hal_tim_ex.o(i.TIM_DMADelayPulseNCplt), (94 bytes).
    Removing stm32f4xx_hal_tim_ex.o(i.TIM_DMAErrorCCxN), (62 bytes).
    Removing stm32f4xx_hal_uart.o(.rev16_text), (4 bytes).
    Removing stm32f4xx_hal_uart.o(.revsh_text), (4 bytes).
    Removing stm32f4xx_hal_uart.o(.rrx_text), (6 bytes).
    Removing stm32f4xx_hal_uart.o(i.HAL_HalfDuplex_EnableReceiver), (50 bytes).
    Removing stm32f4xx_hal_uart.o(i.HAL_HalfDuplex_EnableTransmitter), (50 bytes).
    Removing stm32f4xx_hal_uart.o(i.HAL_HalfDuplex_Init), (108 bytes).
    Removing stm32f4xx_hal_uart.o(i.HAL_LIN_Init), (128 bytes).
    Removing stm32f4xx_hal_uart.o(i.HAL_LIN_SendBreak), (46 bytes).
    Removing stm32f4xx_hal_uart.o(i.HAL_MultiProcessor_EnterMuteMode), (46 bytes).
    Removing stm32f4xx_hal_uart.o(i.HAL_MultiProcessor_ExitMuteMode), (46 bytes).
    Removing stm32f4xx_hal_uart.o(i.HAL_MultiProcessor_Init), (142 bytes).
    Removing stm32f4xx_hal_uart.o(i.HAL_UARTEx_ReceiveToIdle), (254 bytes).
    Removing stm32f4xx_hal_uart.o(i.HAL_UARTEx_ReceiveToIdle_DMA), (74 bytes).
    Removing stm32f4xx_hal_uart.o(i.HAL_UARTEx_ReceiveToIdle_IT), (74 bytes).
    Removing stm32f4xx_hal_uart.o(i.HAL_UARTEx_RxEventCallback), (2 bytes).
    Removing stm32f4xx_hal_uart.o(i.HAL_UART_Abort), (156 bytes).
    Removing stm32f4xx_hal_uart.o(i.HAL_UART_AbortCpltCallback), (2 bytes).
    Removing stm32f4xx_hal_uart.o(i.HAL_UART_AbortReceive), (106 bytes).
    Removing stm32f4xx_hal_uart.o(i.HAL_UART_AbortReceiveCpltCallback), (2 bytes).
    Removing stm32f4xx_hal_uart.o(i.HAL_UART_AbortReceive_IT), (112 bytes).
    Removing stm32f4xx_hal_uart.o(i.HAL_UART_AbortTransmit), (78 bytes).
    Removing stm32f4xx_hal_uart.o(i.HAL_UART_AbortTransmitCpltCallback), (2 bytes).
    Removing stm32f4xx_hal_uart.o(i.HAL_UART_AbortTransmit_IT), (84 bytes).
    Removing stm32f4xx_hal_uart.o(i.HAL_UART_Abort_IT), (188 bytes).
    Removing stm32f4xx_hal_uart.o(i.HAL_UART_DMAPause), (102 bytes).
    Removing stm32f4xx_hal_uart.o(i.HAL_UART_DMAResume), (94 bytes).
    Removing stm32f4xx_hal_uart.o(i.HAL_UART_DMAStop), (88 bytes).
    Removing stm32f4xx_hal_uart.o(i.HAL_UART_DeInit), (52 bytes).
    Removing stm32f4xx_hal_uart.o(i.HAL_UART_ErrorCallback), (2 bytes).
    Removing stm32f4xx_hal_uart.o(i.HAL_UART_GetError), (4 bytes).
    Removing stm32f4xx_hal_uart.o(i.HAL_UART_GetState), (10 bytes).
    Removing stm32f4xx_hal_uart.o(i.HAL_UART_IRQHandler), (528 bytes).
    Removing stm32f4xx_hal_uart.o(i.HAL_UART_MspDeInit), (2 bytes).
    Removing stm32f4xx_hal_uart.o(i.HAL_UART_MspInit), (2 bytes).
    Removing stm32f4xx_hal_uart.o(i.HAL_UART_Receive), (192 bytes).
    Removing stm32f4xx_hal_uart.o(i.HAL_UART_Receive_DMA), (42 bytes).
    Removing stm32f4xx_hal_uart.o(i.HAL_UART_Receive_IT), (42 bytes).
    Removing stm32f4xx_hal_uart.o(i.HAL_UART_RxCpltCallback), (2 bytes).
    Removing stm32f4xx_hal_uart.o(i.HAL_UART_RxHalfCpltCallback), (2 bytes).
    Removing stm32f4xx_hal_uart.o(i.HAL_UART_Transmit), (178 bytes).
    Removing stm32f4xx_hal_uart.o(i.HAL_UART_Transmit_DMA), (128 bytes).
    Removing stm32f4xx_hal_uart.o(i.HAL_UART_Transmit_IT), (62 bytes).
    Removing stm32f4xx_hal_uart.o(i.HAL_UART_TxCpltCallback), (2 bytes).
    Removing stm32f4xx_hal_uart.o(i.HAL_UART_TxHalfCpltCallback), (2 bytes).
    Removing stm32f4xx_hal_uart.o(i.UART_DMAAbortOnError), (16 bytes).
    Removing stm32f4xx_hal_uart.o(i.UART_DMAError), (74 bytes).
    Removing stm32f4xx_hal_uart.o(i.UART_DMAReceiveCplt), (90 bytes).
    Removing stm32f4xx_hal_uart.o(i.UART_DMARxAbortCallback), (44 bytes).
    Removing stm32f4xx_hal_uart.o(i.UART_DMARxHalfCplt), (26 bytes).
    Removing stm32f4xx_hal_uart.o(i.UART_DMARxOnlyAbortCallback), (22 bytes).
    Removing stm32f4xx_hal_uart.o(i.UART_DMATransmitCplt), (46 bytes).
    Removing stm32f4xx_hal_uart.o(i.UART_DMATxAbortCallback), (44 bytes).
    Removing stm32f4xx_hal_uart.o(i.UART_DMATxHalfCplt), (10 bytes).
    Removing stm32f4xx_hal_uart.o(i.UART_DMATxOnlyAbortCallback), (20 bytes).
    Removing stm32f4xx_hal_uart.o(i.UART_EndRxTransfer), (48 bytes).
    Removing stm32f4xx_hal_uart.o(i.UART_EndTxTransfer), (18 bytes).
    Removing stm32f4xx_hal_uart.o(i.UART_Receive_IT), (174 bytes).
    Removing stm32f4xx_hal_uart.o(i.UART_Start_Receive_DMA), (112 bytes).
    Removing stm32f4xx_hal_uart.o(i.UART_Start_Receive_IT), (54 bytes).
    Removing stm32f4xx_hal_uart.o(i.UART_WaitOnFlagUntilTimeout), (100 bytes).
    Removing system_stm32f4xx.o(.rev16_text), (4 bytes).
    Removing system_stm32f4xx.o(.revsh_text), (4 bytes).
    Removing system_stm32f4xx.o(.rrx_text), (6 bytes).
    Removing system_stm32f4xx.o(i.SystemCoreClockUpdate), (124 bytes).
    Removing ch395cmd.o(.rev16_text), (4 bytes).
    Removing ch395cmd.o(.revsh_text), (4 bytes).
    Removing ch395cmd.o(.rrx_text), (6 bytes).
    Removing ch395cmd.o(i.CH395CMDGetGlobIntStatus), (44 bytes).
    Removing ch395cmd.o(i.CH395CMDGetMACAddr), (58 bytes).
    Removing ch395cmd.o(i.CH395CMDGetSocketStatus), (64 bytes).
    Removing ch395cmd.o(i.CH395CMDGetUnreachIPPT), (58 bytes).
    Removing ch395cmd.o(i.CH395CMDGetVer), (44 bytes).
    Removing ch395cmd.o(i.CH395CMDReset), (36 bytes).
    Removing ch395cmd.o(i.CH395CMDSetMACAddr), (64 bytes).
    Removing ch395cmd.o(i.CH395CMDSetMACFilt), (122 bytes).
    Removing ch395cmd.o(i.CH395CMDSetMASKAddr), (58 bytes).
    Removing ch395cmd.o(i.CH395CMDSetPHY), (46 bytes).
    Removing ch395cmd.o(i.CH395CMDSetRetryCount), (46 bytes).
    Removing ch395cmd.o(i.CH395CMDSetRetryPeriod), (56 bytes).
    Removing ch395cmd.o(i.CH395CMDSleep), (36 bytes).
    Removing ch395cmd.o(i.CH395CRCRet6Bit), (56 bytes).
    Removing ch395cmd.o(i.CH395ClearRecvBuf), (46 bytes).
    Removing ch395cmd.o(i.CH395DHCPEnable), (74 bytes).
    Removing ch395cmd.o(i.CH395EEPROMErase), (50 bytes).
    Removing ch395cmd.o(i.CH395EEPROMRead), (92 bytes).
    Removing ch395cmd.o(i.CH395EEPROMWrite), (98 bytes).
    Removing ch395cmd.o(i.CH395EnablePing), (46 bytes).
    Removing ch395cmd.o(i.CH395GetDHCPStatus), (44 bytes).
    Removing ch395cmd.o(i.CH395GetIPInf), (58 bytes).
    Removing ch395cmd.o(i.CH395KeepLiveCNT), (46 bytes).
    Removing ch395cmd.o(i.CH395KeepLiveIDLE), (74 bytes).
    Removing ch395cmd.o(i.CH395KeepLiveINTVL), (74 bytes).
    Removing ch395cmd.o(i.CH395ReadGPIOAddr), (60 bytes).
    Removing ch395cmd.o(i.CH395SetKeepLive), (56 bytes).
    Removing ch395cmd.o(i.CH395SetSocketDesIP), (78 bytes).
    Removing ch395cmd.o(i.CH395SetSocketDesPort), (64 bytes).
    Removing ch395cmd.o(i.CH395SetSocketIPRAWProto), (54 bytes).
    Removing ch395cmd.o(i.CH395SetTCPMss), (54 bytes).
    Removing ch395cmd.o(i.CH395SetTTLNum), (56 bytes).
    Removing ch395cmd.o(i.CH395TCPConnect), (74 bytes).
    Removing ch395cmd.o(i.CH395TCPDisconnect), (74 bytes).
    Removing ch395cmd.o(i.CH395UDPSendTo), (64 bytes).
    Removing ch395cmd.o(i.CH395WriteGPIOAddr), (56 bytes).
    Removing ch395cmd.o(i.CH395_SocketIRQReceive_CallBack), (2 bytes).
    Removing ch395spi_hw.o(.rev16_text), (4 bytes).
    Removing ch395spi_hw.o(.revsh_text), (4 bytes).
    Removing ch395spi_hw.o(.rrx_text), (6 bytes).
    Removing modbustcp.o(.rev16_text), (4 bytes).
    Removing modbustcp.o(.revsh_text), (4 bytes).
    Removing modbustcp.o(.rrx_text), (6 bytes).

532 unused section(s) (total 38798 bytes) removed from the image.

==============================================================================

Image Symbol Table

    Local Symbols

    Symbol Name                              Value     Ov Type        Size  Object(Section)

    ../Core/Src/gpio.c                       0x00000000   Number         0  gpio.o ABSOLUTE
    ../Core/Src/main.c                       0x00000000   Number         0  main.o ABSOLUTE
    ../Core/Src/spi.c                        0x00000000   Number         0  spi.o ABSOLUTE
    ../Core/Src/stm32f4xx_hal_msp.c          0x00000000   Number         0  stm32f4xx_hal_msp.o ABSOLUTE
    ../Core/Src/stm32f4xx_hal_timebase_tim.c 0x00000000   Number         0  stm32f4xx_hal_timebase_tim.o ABSOLUTE
    ../Core/Src/stm32f4xx_it.c               0x00000000   Number         0  stm32f4xx_it.o ABSOLUTE
    ../Core/Src/system_stm32f4xx.c           0x00000000   Number         0  system_stm32f4xx.o ABSOLUTE
    ../Core/Src/usart.c                      0x00000000   Number         0  usart.o ABSOLUTE
    ../Drivers/STM32F4xx_HAL_Driver/Src/stm32f4xx_hal.c 0x00000000   Number         0  stm32f4xx_hal.o ABSOLUTE
    ../Drivers/STM32F4xx_HAL_Driver/Src/stm32f4xx_hal_cortex.c 0x00000000   Number         0  stm32f4xx_hal_cortex.o ABSOLUTE
    ../Drivers/STM32F4xx_HAL_Driver/Src/stm32f4xx_hal_dma.c 0x00000000   Number         0  stm32f4xx_hal_dma.o ABSOLUTE
    ../Drivers/STM32F4xx_HAL_Driver/Src/stm32f4xx_hal_dma_ex.c 0x00000000   Number         0  stm32f4xx_hal_dma_ex.o ABSOLUTE
    ../Drivers/STM32F4xx_HAL_Driver/Src/stm32f4xx_hal_exti.c 0x00000000   Number         0  stm32f4xx_hal_exti.o ABSOLUTE
    ../Drivers/STM32F4xx_HAL_Driver/Src/stm32f4xx_hal_flash.c 0x00000000   Number         0  stm32f4xx_hal_flash.o ABSOLUTE
    ../Drivers/STM32F4xx_HAL_Driver/Src/stm32f4xx_hal_flash_ex.c 0x00000000   Number         0  stm32f4xx_hal_flash_ex.o ABSOLUTE
    ../Drivers/STM32F4xx_HAL_Driver/Src/stm32f4xx_hal_flash_ramfunc.c 0x00000000   Number         0  stm32f4xx_hal_flash_ramfunc.o ABSOLUTE
    ../Drivers/STM32F4xx_HAL_Driver/Src/stm32f4xx_hal_gpio.c 0x00000000   Number         0  stm32f4xx_hal_gpio.o ABSOLUTE
    ../Drivers/STM32F4xx_HAL_Driver/Src/stm32f4xx_hal_pwr.c 0x00000000   Number         0  stm32f4xx_hal_pwr.o ABSOLUTE
    ../Drivers/STM32F4xx_HAL_Driver/Src/stm32f4xx_hal_pwr_ex.c 0x00000000   Number         0  stm32f4xx_hal_pwr_ex.o ABSOLUTE
    ../Drivers/STM32F4xx_HAL_Driver/Src/stm32f4xx_hal_rcc.c 0x00000000   Number         0  stm32f4xx_hal_rcc.o ABSOLUTE
    ../Drivers/STM32F4xx_HAL_Driver/Src/stm32f4xx_hal_rcc_ex.c 0x00000000   Number         0  stm32f4xx_hal_rcc_ex.o ABSOLUTE
    ../Drivers/STM32F4xx_HAL_Driver/Src/stm32f4xx_hal_spi.c 0x00000000   Number         0  stm32f4xx_hal_spi.o ABSOLUTE
    ../Drivers/STM32F4xx_HAL_Driver/Src/stm32f4xx_hal_tim.c 0x00000000   Number         0  stm32f4xx_hal_tim.o ABSOLUTE
    ../Drivers/STM32F4xx_HAL_Driver/Src/stm32f4xx_hal_tim_ex.c 0x00000000   Number         0  stm32f4xx_hal_tim_ex.o ABSOLUTE
    ../Drivers/STM32F4xx_HAL_Driver/Src/stm32f4xx_hal_uart.c 0x00000000   Number         0  stm32f4xx_hal_uart.o ABSOLUTE
    ../clib/microlib/division.c              0x00000000   Number         0  uldiv.o ABSOLUTE
    ../clib/microlib/init/entry.s            0x00000000   Number         0  entry.o ABSOLUTE
    ../clib/microlib/init/entry.s            0x00000000   Number         0  entry12b.o ABSOLUTE
    ../clib/microlib/init/entry.s            0x00000000   Number         0  entry12a.o ABSOLUTE
    ../clib/microlib/init/entry.s            0x00000000   Number         0  entry11b.o ABSOLUTE
    ../clib/microlib/init/entry.s            0x00000000   Number         0  entry11a.o ABSOLUTE
    ../clib/microlib/init/entry.s            0x00000000   Number         0  entry10b.o ABSOLUTE
    ../clib/microlib/init/entry.s            0x00000000   Number         0  entry10a.o ABSOLUTE
    ../clib/microlib/init/entry.s            0x00000000   Number         0  entry9b.o ABSOLUTE
    ../clib/microlib/init/entry.s            0x00000000   Number         0  entry9a.o ABSOLUTE
    ../clib/microlib/init/entry.s            0x00000000   Number         0  entry8b.o ABSOLUTE
    ../clib/microlib/init/entry.s            0x00000000   Number         0  entry8a.o ABSOLUTE
    ../clib/microlib/init/entry.s            0x00000000   Number         0  entry7a.o ABSOLUTE
    ../clib/microlib/init/entry.s            0x00000000   Number         0  entry5.o ABSOLUTE
    ../clib/microlib/init/entry.s            0x00000000   Number         0  entry2.o ABSOLUTE
    ../clib/microlib/init/entry.s            0x00000000   Number         0  entry7b.o ABSOLUTE
    ../clib/microlib/longlong.c              0x00000000   Number         0  llushr.o ABSOLUTE
    ../clib/microlib/longlong.c              0x00000000   Number         0  llshl.o ABSOLUTE
    ../clib/microlib/string/memset.c         0x00000000   Number         0  memseta.o ABSOLUTE
    ..\Core\Src\gpio.c                       0x00000000   Number         0  gpio.o ABSOLUTE
    ..\Core\Src\main.c                       0x00000000   Number         0  main.o ABSOLUTE
    ..\Core\Src\spi.c                        0x00000000   Number         0  spi.o ABSOLUTE
    ..\Core\Src\stm32f4xx_hal_msp.c          0x00000000   Number         0  stm32f4xx_hal_msp.o ABSOLUTE
    ..\Core\Src\stm32f4xx_hal_timebase_tim.c 0x00000000   Number         0  stm32f4xx_hal_timebase_tim.o ABSOLUTE
    ..\Core\Src\stm32f4xx_it.c               0x00000000   Number         0  stm32f4xx_it.o ABSOLUTE
    ..\Core\Src\system_stm32f4xx.c           0x00000000   Number         0  system_stm32f4xx.o ABSOLUTE
    ..\Core\Src\usart.c                      0x00000000   Number         0  usart.o ABSOLUTE
    ..\Drivers\STM32F4xx_HAL_Driver\Src\stm32f4xx_hal.c 0x00000000   Number         0  stm32f4xx_hal.o ABSOLUTE
    ..\Drivers\STM32F4xx_HAL_Driver\Src\stm32f4xx_hal_cortex.c 0x00000000   Number         0  stm32f4xx_hal_cortex.o ABSOLUTE
    ..\Drivers\STM32F4xx_HAL_Driver\Src\stm32f4xx_hal_dma.c 0x00000000   Number         0  stm32f4xx_hal_dma.o ABSOLUTE
    ..\Drivers\STM32F4xx_HAL_Driver\Src\stm32f4xx_hal_dma_ex.c 0x00000000   Number         0  stm32f4xx_hal_dma_ex.o ABSOLUTE
    ..\Drivers\STM32F4xx_HAL_Driver\Src\stm32f4xx_hal_exti.c 0x00000000   Number         0  stm32f4xx_hal_exti.o ABSOLUTE
    ..\Drivers\STM32F4xx_HAL_Driver\Src\stm32f4xx_hal_flash.c 0x00000000   Number         0  stm32f4xx_hal_flash.o ABSOLUTE
    ..\Drivers\STM32F4xx_HAL_Driver\Src\stm32f4xx_hal_flash_ex.c 0x00000000   Number         0  stm32f4xx_hal_flash_ex.o ABSOLUTE
    ..\Drivers\STM32F4xx_HAL_Driver\Src\stm32f4xx_hal_flash_ramfunc.c 0x00000000   Number         0  stm32f4xx_hal_flash_ramfunc.o ABSOLUTE
    ..\Drivers\STM32F4xx_HAL_Driver\Src\stm32f4xx_hal_gpio.c 0x00000000   Number         0  stm32f4xx_hal_gpio.o ABSOLUTE
    ..\Drivers\STM32F4xx_HAL_Driver\Src\stm32f4xx_hal_pwr.c 0x00000000   Number         0  stm32f4xx_hal_pwr.o ABSOLUTE
    ..\Drivers\STM32F4xx_HAL_Driver\Src\stm32f4xx_hal_pwr_ex.c 0x00000000   Number         0  stm32f4xx_hal_pwr_ex.o ABSOLUTE
    ..\Drivers\STM32F4xx_HAL_Driver\Src\stm32f4xx_hal_rcc.c 0x00000000   Number         0  stm32f4xx_hal_rcc.o ABSOLUTE
    ..\Drivers\STM32F4xx_HAL_Driver\Src\stm32f4xx_hal_rcc_ex.c 0x00000000   Number         0  stm32f4xx_hal_rcc_ex.o ABSOLUTE
    ..\Drivers\STM32F4xx_HAL_Driver\Src\stm32f4xx_hal_spi.c 0x00000000   Number         0  stm32f4xx_hal_spi.o ABSOLUTE
    ..\Drivers\STM32F4xx_HAL_Driver\Src\stm32f4xx_hal_tim.c 0x00000000   Number         0  stm32f4xx_hal_tim.o ABSOLUTE
    ..\Drivers\STM32F4xx_HAL_Driver\Src\stm32f4xx_hal_tim_ex.c 0x00000000   Number         0  stm32f4xx_hal_tim_ex.o ABSOLUTE
    ..\Drivers\STM32F4xx_HAL_Driver\Src\stm32f4xx_hal_uart.c 0x00000000   Number         0  stm32f4xx_hal_uart.o ABSOLUTE
    ..\\user_bsp\\ch395\\CH395CMD.C          0x00000000   Number         0  ch395cmd.o ABSOLUTE
    ..\\user_bsp\\ch395\\CH395SPI_HW.C       0x00000000   Number         0  ch395spi_hw.o ABSOLUTE
    ..\\user_bsp\\modbusTCP\\modbusTCP.c     0x00000000   Number         0  modbustcp.o ABSOLUTE
    ..\user_bsp\ch395\CH395CMD.C             0x00000000   Number         0  ch395cmd.o ABSOLUTE
    ..\user_bsp\ch395\CH395SPI_HW.C          0x00000000   Number         0  ch395spi_hw.o ABSOLUTE
    ..\user_bsp\modbusTCP\modbusTCP.c        0x00000000   Number         0  modbustcp.o ABSOLUTE
    dc.s                                     0x00000000   Number         0  dc.o ABSOLUTE
    handlers.s                               0x00000000   Number         0  handlers.o ABSOLUTE
    init.s                                   0x00000000   Number         0  init.o ABSOLUTE
    startup_stm32f429xx.s                    0x00000000   Number         0  startup_stm32f429xx.o ABSOLUTE
    RESET                                    0x08000000   Section      428  startup_stm32f429xx.o(RESET)
    .ARM.Collect$$$$00000000                 0x080001ac   Section        0  entry.o(.ARM.Collect$$$$00000000)
    .ARM.Collect$$$$00000001                 0x080001ac   Section        4  entry2.o(.ARM.Collect$$$$00000001)
    .ARM.Collect$$$$00000004                 0x080001b0   Section        4  entry5.o(.ARM.Collect$$$$00000004)
    .ARM.Collect$$$$00000008                 0x080001b4   Section        0  entry7b.o(.ARM.Collect$$$$00000008)
    .ARM.Collect$$$$0000000A                 0x080001b4   Section        0  entry8b.o(.ARM.Collect$$$$0000000A)
    .ARM.Collect$$$$0000000B                 0x080001b4   Section        8  entry9a.o(.ARM.Collect$$$$0000000B)
    .ARM.Collect$$$$0000000E                 0x080001bc   Section        4  entry12b.o(.ARM.Collect$$$$0000000E)
    .ARM.Collect$$$$0000000F                 0x080001c0   Section        0  entry10a.o(.ARM.Collect$$$$0000000F)
    .ARM.Collect$$$$00000011                 0x080001c0   Section        0  entry11a.o(.ARM.Collect$$$$00000011)
    .ARM.Collect$$$$00002712                 0x080001c0   Section        4  entry2.o(.ARM.Collect$$$$00002712)
    __lit__00000000                          0x080001c0   Data           4  entry2.o(.ARM.Collect$$$$00002712)
    .text                                    0x080001c4   Section       36  startup_stm32f429xx.o(.text)
    $v0                                      0x080001c4   Number         0  startup_stm32f429xx.o(.text)
    .text                                    0x080001e8   Section        0  uldiv.o(.text)
    .text                                    0x0800024a   Section        0  memseta.o(.text)
    .text                                    0x0800026e   Section        0  llshl.o(.text)
    .text                                    0x0800028c   Section        0  llushr.o(.text)
    .text                                    0x080002ac   Section       36  init.o(.text)
    i.BusFault_Handler                       0x080002d0   Section        0  stm32f4xx_it.o(i.BusFault_Handler)
    i.CH395CMDCheckExist                     0x080002d2   Section        0  ch395cmd.o(i.CH395CMDCheckExist)
    i.CH395CMDGetGlobIntStatus_ALL           0x08000308   Section        0  ch395cmd.o(i.CH395CMDGetGlobIntStatus_ALL)
    i.CH395CMDGetPHYStatus                   0x08000346   Section        0  ch395cmd.o(i.CH395CMDGetPHYStatus)
    i.CH395CMDGetRemoteIPP                   0x08000372   Section        0  ch395cmd.o(i.CH395CMDGetRemoteIPP)
    i.CH395CMDInitCH395                      0x080003b6   Section        0  ch395cmd.o(i.CH395CMDInitCH395)
    i.CH395CMDSetGWIPAddr                    0x080003f6   Section        0  ch395cmd.o(i.CH395CMDSetGWIPAddr)
    i.CH395CMDSetIPAddr                      0x0800042c   Section        0  ch395cmd.o(i.CH395CMDSetIPAddr)
    i.CH395CloseSocket                       0x08000464   Section        0  ch395cmd.o(i.CH395CloseSocket)
    i.CH395GetCmdStatus                      0x080004ae   Section        0  ch395cmd.o(i.CH395GetCmdStatus)
    i.CH395GetRecvData                       0x080004da   Section        0  ch395cmd.o(i.CH395GetRecvData)
    i.CH395GetRecvLength                     0x08000540   Section        0  ch395cmd.o(i.CH395GetRecvLength)
    i.CH395GetSocketInt                      0x08000582   Section        0  ch395cmd.o(i.CH395GetSocketInt)
    i.CH395OpenSocket                        0x080005be   Section        0  ch395cmd.o(i.CH395OpenSocket)
    i.CH395SendData                          0x08000608   Section        0  ch395cmd.o(i.CH395SendData)
    i.CH395SetSocketProtType                 0x08000664   Section        0  ch395cmd.o(i.CH395SetSocketProtType)
    i.CH395SetSocketRecvBuf                  0x0800069a   Section        0  ch395cmd.o(i.CH395SetSocketRecvBuf)
    i.CH395SetSocketSendBuf                  0x080006de   Section        0  ch395cmd.o(i.CH395SetSocketSendBuf)
    i.CH395SetSocketSourPort                 0x08000722   Section        0  ch395cmd.o(i.CH395SetSocketSourPort)
    i.CH395SetStartPara                      0x08000762   Section        0  ch395cmd.o(i.CH395SetStartPara)
    i.CH395SocketInterrupt                   0x080007ac   Section        0  ch395cmd.o(i.CH395SocketInterrupt)
    i.CH395TCPListen                         0x0800087e   Section        0  ch395cmd.o(i.CH395TCPListen)
    i.CH395_Init                             0x080008c8   Section        0  ch395cmd.o(i.CH395_Init)
    i.CH395_InitSocketParam                  0x08000920   Section        0  ch395cmd.o(i.CH395_InitSocketParam)
    i.CH395_Port_Init                        0x08000956   Section        0  ch395spi_hw.o(i.CH395_Port_Init)
    i.CH395_SocketIRQ                        0x08000960   Section        0  ch395cmd.o(i.CH395_SocketIRQ)
    i.CH395_SocketIRQReceive_CallBack        0x08000984   Section        0  modbustcp.o(i.CH395_SocketIRQReceive_CallBack)
    i.CH395_SocketIRQTransmit_CallBack       0x08000994   Section        0  ch395cmd.o(i.CH395_SocketIRQTransmit_CallBack)
    i.DebugMon_Handler                       0x08000996   Section        0  stm32f4xx_it.o(i.DebugMon_Handler)
    i.Error_Handler                          0x08000998   Section        0  main.o(i.Error_Handler)
    i.HAL_Delay                              0x0800099c   Section        0  stm32f4xx_hal.o(i.HAL_Delay)
    i.HAL_GPIO_Init                          0x080009c0   Section        0  stm32f4xx_hal_gpio.o(i.HAL_GPIO_Init)
    i.HAL_GPIO_ReadPin                       0x08000bf0   Section        0  stm32f4xx_hal_gpio.o(i.HAL_GPIO_ReadPin)
    i.HAL_GPIO_WritePin                      0x08000bfa   Section        0  stm32f4xx_hal_gpio.o(i.HAL_GPIO_WritePin)
    i.HAL_GetTick                            0x08000c04   Section        0  stm32f4xx_hal.o(i.HAL_GetTick)
    i.HAL_IncTick                            0x08000c10   Section        0  stm32f4xx_hal.o(i.HAL_IncTick)
    i.HAL_Init                               0x08000c20   Section        0  stm32f4xx_hal.o(i.HAL_Init)
    i.HAL_InitTick                           0x08000c54   Section        0  stm32f4xx_hal_timebase_tim.o(i.HAL_InitTick)
    i.HAL_MspInit                            0x08000cc8   Section        0  stm32f4xx_hal_msp.o(i.HAL_MspInit)
    i.HAL_NVIC_EnableIRQ                     0x08000cf8   Section        0  stm32f4xx_hal_cortex.o(i.HAL_NVIC_EnableIRQ)
    i.HAL_NVIC_SetPriority                   0x08000d14   Section        0  stm32f4xx_hal_cortex.o(i.HAL_NVIC_SetPriority)
    i.HAL_NVIC_SetPriorityGrouping           0x08000d54   Section        0  stm32f4xx_hal_cortex.o(i.HAL_NVIC_SetPriorityGrouping)
    i.HAL_PWREx_EnableOverDrive              0x08000d78   Section        0  stm32f4xx_hal_pwr_ex.o(i.HAL_PWREx_EnableOverDrive)
    i.HAL_RCC_ClockConfig                    0x08000de8   Section        0  stm32f4xx_hal_rcc.o(i.HAL_RCC_ClockConfig)
    i.HAL_RCC_GetClockConfig                 0x08000f1c   Section        0  stm32f4xx_hal_rcc.o(i.HAL_RCC_GetClockConfig)
    i.HAL_RCC_GetPCLK1Freq                   0x08000f5c   Section        0  stm32f4xx_hal_rcc.o(i.HAL_RCC_GetPCLK1Freq)
    i.HAL_RCC_GetPCLK2Freq                   0x08000f7c   Section        0  stm32f4xx_hal_rcc.o(i.HAL_RCC_GetPCLK2Freq)
    i.HAL_RCC_GetSysClockFreq                0x08000f9c   Section        0  stm32f4xx_hal_rcc.o(i.HAL_RCC_GetSysClockFreq)
    i.HAL_RCC_OscConfig                      0x08001000   Section        0  stm32f4xx_hal_rcc.o(i.HAL_RCC_OscConfig)
    i.HAL_SPI_Init                           0x0800136c   Section        0  stm32f4xx_hal_spi.o(i.HAL_SPI_Init)
    i.HAL_SPI_MspInit                        0x08001428   Section        0  spi.o(i.HAL_SPI_MspInit)
    i.HAL_SPI_TransmitReceive                0x08001490   Section        0  stm32f4xx_hal_spi.o(i.HAL_SPI_TransmitReceive)
    i.HAL_TIMEx_BreakCallback                0x08001672   Section        0  stm32f4xx_hal_tim_ex.o(i.HAL_TIMEx_BreakCallback)
    i.HAL_TIMEx_CommutCallback               0x08001674   Section        0  stm32f4xx_hal_tim_ex.o(i.HAL_TIMEx_CommutCallback)
    i.HAL_TIM_Base_Init                      0x08001676   Section        0  stm32f4xx_hal_tim.o(i.HAL_TIM_Base_Init)
    i.HAL_TIM_Base_MspInit                   0x080016d0   Section        0  stm32f4xx_hal_tim.o(i.HAL_TIM_Base_MspInit)
    i.HAL_TIM_Base_Start_IT                  0x080016d4   Section        0  stm32f4xx_hal_tim.o(i.HAL_TIM_Base_Start_IT)
    i.HAL_TIM_IC_CaptureCallback             0x08001754   Section        0  stm32f4xx_hal_tim.o(i.HAL_TIM_IC_CaptureCallback)
    i.HAL_TIM_IRQHandler                     0x08001756   Section        0  stm32f4xx_hal_tim.o(i.HAL_TIM_IRQHandler)
    i.HAL_TIM_OC_DelayElapsedCallback        0x080018bc   Section        0  stm32f4xx_hal_tim.o(i.HAL_TIM_OC_DelayElapsedCallback)
    i.HAL_TIM_PWM_PulseFinishedCallback      0x080018be   Section        0  stm32f4xx_hal_tim.o(i.HAL_TIM_PWM_PulseFinishedCallback)
    i.HAL_TIM_PeriodElapsedCallback          0x080018c0   Section        0  main.o(i.HAL_TIM_PeriodElapsedCallback)
    i.HAL_TIM_TriggerCallback                0x080018d4   Section        0  stm32f4xx_hal_tim.o(i.HAL_TIM_TriggerCallback)
    i.HAL_UART_Init                          0x080018d6   Section        0  stm32f4xx_hal_uart.o(i.HAL_UART_Init)
    i.HAL_UART_MspInit                       0x08001938   Section        0  usart.o(i.HAL_UART_MspInit)
    i.HardFault_Handler                      0x080019a4   Section        0  stm32f4xx_it.o(i.HardFault_Handler)
    i.MB_Parse_Data                          0x080019a8   Section        0  modbustcp.o(i.MB_Parse_Data)
    i.MB_TCP_RSP                             0x08001a08   Section        0  modbustcp.o(i.MB_TCP_RSP)
    i.MX_GPIO_Init                           0x08001a5c   Section        0  gpio.o(i.MX_GPIO_Init)
    i.MX_SPI1_Init                           0x08001ad8   Section        0  spi.o(i.MX_SPI1_Init)
    i.MX_USART1_UART_Init                    0x08001b20   Section        0  usart.o(i.MX_USART1_UART_Init)
    i.MemManage_Handler                      0x08001b58   Section        0  stm32f4xx_it.o(i.MemManage_Handler)
    i.NMI_Handler                            0x08001b5a   Section        0  stm32f4xx_it.o(i.NMI_Handler)
    i.PendSV_Handler                         0x08001b5c   Section        0  stm32f4xx_it.o(i.PendSV_Handler)
    i.SPI_EndRxTxTransaction                 0x08001b60   Section        0  stm32f4xx_hal_spi.o(i.SPI_EndRxTxTransaction)
    SPI_EndRxTxTransaction                   0x08001b61   Thumb Code    80  stm32f4xx_hal_spi.o(i.SPI_EndRxTxTransaction)
    i.SPI_WaitFlagStateUntilTimeout          0x08001bb8   Section        0  stm32f4xx_hal_spi.o(i.SPI_WaitFlagStateUntilTimeout)
    SPI_WaitFlagStateUntilTimeout            0x08001bb9   Thumb Code   180  stm32f4xx_hal_spi.o(i.SPI_WaitFlagStateUntilTimeout)
    i.SVC_Handler                            0x08001c70   Section        0  stm32f4xx_it.o(i.SVC_Handler)
    i.Spi395Exchange                         0x08001c72   Section        0  ch395spi_hw.o(i.Spi395Exchange)
    i.SysTick_Handler                        0x08001c90   Section        0  stm32f4xx_it.o(i.SysTick_Handler)
    i.SystemClock_Config                     0x08001c94   Section        0  main.o(i.SystemClock_Config)
    i.SystemInit                             0x08001d34   Section        0  system_stm32f4xx.o(i.SystemInit)
    i.TCP_Exception_RSP                      0x08001d44   Section        0  modbustcp.o(i.TCP_Exception_RSP)
    i.TCP_RSP_01_02                          0x08001d88   Section        0  modbustcp.o(i.TCP_RSP_01_02)
    i.TCP_RSP_03_04                          0x08001f04   Section        0  modbustcp.o(i.TCP_RSP_03_04)
    i.TCP_RSP_05                             0x08001f90   Section        0  modbustcp.o(i.TCP_RSP_05)
    i.TCP_RSP_06                             0x08002018   Section        0  modbustcp.o(i.TCP_RSP_06)
    i.TCP_RSP_15                             0x08002084   Section        0  modbustcp.o(i.TCP_RSP_15)
    i.TCP_RSP_16                             0x08002198   Section        0  modbustcp.o(i.TCP_RSP_16)
    i.TIM7_IRQHandler                        0x08002224   Section        0  stm32f4xx_it.o(i.TIM7_IRQHandler)
    i.TIM_Base_SetConfig                     0x08002230   Section        0  stm32f4xx_hal_tim.o(i.TIM_Base_SetConfig)
    i.UART_SetConfig                         0x080022f8   Section        0  stm32f4xx_hal_uart.o(i.UART_SetConfig)
    UART_SetConfig                           0x080022f9   Thumb Code   258  stm32f4xx_hal_uart.o(i.UART_SetConfig)
    i.UsageFault_Handler                     0x08002404   Section        0  stm32f4xx_it.o(i.UsageFault_Handler)
    i.__NVIC_SetPriority                     0x08002406   Section        0  stm32f4xx_hal_cortex.o(i.__NVIC_SetPriority)
    __NVIC_SetPriority                       0x08002407   Thumb Code    32  stm32f4xx_hal_cortex.o(i.__NVIC_SetPriority)
    i.__scatterload_copy                     0x08002426   Section       14  handlers.o(i.__scatterload_copy)
    i.__scatterload_null                     0x08002434   Section        2  handlers.o(i.__scatterload_null)
    i.__scatterload_zeroinit                 0x08002436   Section       14  handlers.o(i.__scatterload_zeroinit)
    i.mDelaymS                               0x08002444   Section        0  ch395spi_hw.o(i.mDelaymS)
    i.mDelayuS                               0x08002448   Section        0  ch395spi_hw.o(i.mDelayuS)
    i.main                                   0x0800245c   Section        0  main.o(i.main)
    i.transport_sendPacketBuffer             0x080024b4   Section        0  modbustcp.o(i.transport_sendPacketBuffer)
    i.xReadCH395Data                         0x080024c8   Section        0  ch395spi_hw.o(i.xReadCH395Data)
    i.xWriteCH395Cmd                         0x080024ce   Section        0  ch395spi_hw.o(i.xWriteCH395Cmd)
    i.xWriteCH395Data                        0x080024de   Section        0  ch395spi_hw.o(i.xWriteCH395Data)
    .constdata                               0x080024e2   Section       16  system_stm32f4xx.o(.constdata)
    .constdata                               0x080024f2   Section        8  system_stm32f4xx.o(.constdata)
    .data                                    0x20000000   Section       12  stm32f4xx_hal.o(.data)
    .data                                    0x2000000c   Section        4  system_stm32f4xx.o(.data)
    .data                                    0x20000010   Section      100  modbustcp.o(.data)
    .bss                                     0x20000074   Section       88  spi.o(.bss)
    .bss                                     0x200000cc   Section       68  usart.o(.bss)
    .bss                                     0x20000110   Section       72  stm32f4xx_hal_timebase_tim.o(.bss)
    .bss                                     0x20000158   Section     5120  modbustcp.o(.bss)
    STACK                                    0x20001558   Section     2048  startup_stm32f429xx.o(STACK)

    Global Symbols

    Symbol Name                              Value     Ov Type        Size  Object(Section)

    BuildAttributes$$THM_ISAv4$E$P$D$K$B$S$7EM$VFPi3$EXTD16$VFPS$VFMA$PE$A:L22UL41UL21$X:L11$S22US41US21$IEEE1$IW$USESV6$~STKCKD$USESV7$~SHL$OSPACE$EBA8$MICROLIB$REQ8$PRES8$EABIv2 0x00000000   Number         0  anon$$obj.o ABSOLUTE
    __ARM_use_no_argv                        0x00000000   Number         0  main.o ABSOLUTE
    __arm_fini_                               - Undefined Weak Reference
    __cpp_initialize__aeabi_                  - Undefined Weak Reference
    __cxa_finalize                            - Undefined Weak Reference
    __decompress                              - Undefined Weak Reference
    _clock_init                               - Undefined Weak Reference
    _microlib_exit                            - Undefined Weak Reference
    __Vectors_Size                           0x000001ac   Number         0  startup_stm32f429xx.o ABSOLUTE
    __Vectors                                0x08000000   Data           4  startup_stm32f429xx.o(RESET)
    __Vectors_End                            0x080001ac   Data           0  startup_stm32f429xx.o(RESET)
    __main                                   0x080001ad   Thumb Code     0  entry.o(.ARM.Collect$$$$00000000)
    _main_stk                                0x080001ad   Thumb Code     0  entry2.o(.ARM.Collect$$$$00000001)
    _main_scatterload                        0x080001b1   Thumb Code     0  entry5.o(.ARM.Collect$$$$00000004)
    __main_after_scatterload                 0x080001b5   Thumb Code     0  entry5.o(.ARM.Collect$$$$00000004)
    _main_clock                              0x080001b5   Thumb Code     0  entry7b.o(.ARM.Collect$$$$00000008)
    _main_cpp_init                           0x080001b5   Thumb Code     0  entry8b.o(.ARM.Collect$$$$0000000A)
    _main_init                               0x080001b5   Thumb Code     0  entry9a.o(.ARM.Collect$$$$0000000B)
    __rt_lib_shutdown_fini                   0x080001bd   Thumb Code     0  entry12b.o(.ARM.Collect$$$$0000000E)
    __rt_final_cpp                           0x080001c1   Thumb Code     0  entry10a.o(.ARM.Collect$$$$0000000F)
    __rt_final_exit                          0x080001c1   Thumb Code     0  entry11a.o(.ARM.Collect$$$$00000011)
    Reset_Handler                            0x080001c5   Thumb Code     8  startup_stm32f429xx.o(.text)
    ADC_IRQHandler                           0x080001df   Thumb Code     0  startup_stm32f429xx.o(.text)
    CAN1_RX0_IRQHandler                      0x080001df   Thumb Code     0  startup_stm32f429xx.o(.text)
    CAN1_RX1_IRQHandler                      0x080001df   Thumb Code     0  startup_stm32f429xx.o(.text)
    CAN1_SCE_IRQHandler                      0x080001df   Thumb Code     0  startup_stm32f429xx.o(.text)
    CAN1_TX_IRQHandler                       0x080001df   Thumb Code     0  startup_stm32f429xx.o(.text)
    CAN2_RX0_IRQHandler                      0x080001df   Thumb Code     0  startup_stm32f429xx.o(.text)
    CAN2_RX1_IRQHandler                      0x080001df   Thumb Code     0  startup_stm32f429xx.o(.text)
    CAN2_SCE_IRQHandler                      0x080001df   Thumb Code     0  startup_stm32f429xx.o(.text)
    CAN2_TX_IRQHandler                       0x080001df   Thumb Code     0  startup_stm32f429xx.o(.text)
    DCMI_IRQHandler                          0x080001df   Thumb Code     0  startup_stm32f429xx.o(.text)
    DMA1_Stream0_IRQHandler                  0x080001df   Thumb Code     0  startup_stm32f429xx.o(.text)
    DMA1_Stream1_IRQHandler                  0x080001df   Thumb Code     0  startup_stm32f429xx.o(.text)
    DMA1_Stream2_IRQHandler                  0x080001df   Thumb Code     0  startup_stm32f429xx.o(.text)
    DMA1_Stream3_IRQHandler                  0x080001df   Thumb Code     0  startup_stm32f429xx.o(.text)
    DMA1_Stream4_IRQHandler                  0x080001df   Thumb Code     0  startup_stm32f429xx.o(.text)
    DMA1_Stream5_IRQHandler                  0x080001df   Thumb Code     0  startup_stm32f429xx.o(.text)
    DMA1_Stream6_IRQHandler                  0x080001df   Thumb Code     0  startup_stm32f429xx.o(.text)
    DMA1_Stream7_IRQHandler                  0x080001df   Thumb Code     0  startup_stm32f429xx.o(.text)
    DMA2D_IRQHandler                         0x080001df   Thumb Code     0  startup_stm32f429xx.o(.text)
    DMA2_Stream0_IRQHandler                  0x080001df   Thumb Code     0  startup_stm32f429xx.o(.text)
    DMA2_Stream1_IRQHandler                  0x080001df   Thumb Code     0  startup_stm32f429xx.o(.text)
    DMA2_Stream2_IRQHandler                  0x080001df   Thumb Code     0  startup_stm32f429xx.o(.text)
    DMA2_Stream3_IRQHandler                  0x080001df   Thumb Code     0  startup_stm32f429xx.o(.text)
    DMA2_Stream4_IRQHandler                  0x080001df   Thumb Code     0  startup_stm32f429xx.o(.text)
    DMA2_Stream5_IRQHandler                  0x080001df   Thumb Code     0  startup_stm32f429xx.o(.text)
    DMA2_Stream6_IRQHandler                  0x080001df   Thumb Code     0  startup_stm32f429xx.o(.text)
    DMA2_Stream7_IRQHandler                  0x080001df   Thumb Code     0  startup_stm32f429xx.o(.text)
    ETH_IRQHandler                           0x080001df   Thumb Code     0  startup_stm32f429xx.o(.text)
    ETH_WKUP_IRQHandler                      0x080001df   Thumb Code     0  startup_stm32f429xx.o(.text)
    EXTI0_IRQHandler                         0x080001df   Thumb Code     0  startup_stm32f429xx.o(.text)
    EXTI15_10_IRQHandler                     0x080001df   Thumb Code     0  startup_stm32f429xx.o(.text)
    EXTI1_IRQHandler                         0x080001df   Thumb Code     0  startup_stm32f429xx.o(.text)
    EXTI2_IRQHandler                         0x080001df   Thumb Code     0  startup_stm32f429xx.o(.text)
    EXTI3_IRQHandler                         0x080001df   Thumb Code     0  startup_stm32f429xx.o(.text)
    EXTI4_IRQHandler                         0x080001df   Thumb Code     0  startup_stm32f429xx.o(.text)
    EXTI9_5_IRQHandler                       0x080001df   Thumb Code     0  startup_stm32f429xx.o(.text)
    FLASH_IRQHandler                         0x080001df   Thumb Code     0  startup_stm32f429xx.o(.text)
    FMC_IRQHandler                           0x080001df   Thumb Code     0  startup_stm32f429xx.o(.text)
    FPU_IRQHandler                           0x080001df   Thumb Code     0  startup_stm32f429xx.o(.text)
    HASH_RNG_IRQHandler                      0x080001df   Thumb Code     0  startup_stm32f429xx.o(.text)
    I2C1_ER_IRQHandler                       0x080001df   Thumb Code     0  startup_stm32f429xx.o(.text)
    I2C1_EV_IRQHandler                       0x080001df   Thumb Code     0  startup_stm32f429xx.o(.text)
    I2C2_ER_IRQHandler                       0x080001df   Thumb Code     0  startup_stm32f429xx.o(.text)
    I2C2_EV_IRQHandler                       0x080001df   Thumb Code     0  startup_stm32f429xx.o(.text)
    I2C3_ER_IRQHandler                       0x080001df   Thumb Code     0  startup_stm32f429xx.o(.text)
    I2C3_EV_IRQHandler                       0x080001df   Thumb Code     0  startup_stm32f429xx.o(.text)
    LTDC_ER_IRQHandler                       0x080001df   Thumb Code     0  startup_stm32f429xx.o(.text)
    LTDC_IRQHandler                          0x080001df   Thumb Code     0  startup_stm32f429xx.o(.text)
    OTG_FS_IRQHandler                        0x080001df   Thumb Code     0  startup_stm32f429xx.o(.text)
    OTG_FS_WKUP_IRQHandler                   0x080001df   Thumb Code     0  startup_stm32f429xx.o(.text)
    OTG_HS_EP1_IN_IRQHandler                 0x080001df   Thumb Code     0  startup_stm32f429xx.o(.text)
    OTG_HS_EP1_OUT_IRQHandler                0x080001df   Thumb Code     0  startup_stm32f429xx.o(.text)
    OTG_HS_IRQHandler                        0x080001df   Thumb Code     0  startup_stm32f429xx.o(.text)
    OTG_HS_WKUP_IRQHandler                   0x080001df   Thumb Code     0  startup_stm32f429xx.o(.text)
    PVD_IRQHandler                           0x080001df   Thumb Code     0  startup_stm32f429xx.o(.text)
    RCC_IRQHandler                           0x080001df   Thumb Code     0  startup_stm32f429xx.o(.text)
    RTC_Alarm_IRQHandler                     0x080001df   Thumb Code     0  startup_stm32f429xx.o(.text)
    RTC_WKUP_IRQHandler                      0x080001df   Thumb Code     0  startup_stm32f429xx.o(.text)
    SAI1_IRQHandler                          0x080001df   Thumb Code     0  startup_stm32f429xx.o(.text)
    SDIO_IRQHandler                          0x080001df   Thumb Code     0  startup_stm32f429xx.o(.text)
    SPI1_IRQHandler                          0x080001df   Thumb Code     0  startup_stm32f429xx.o(.text)
    SPI2_IRQHandler                          0x080001df   Thumb Code     0  startup_stm32f429xx.o(.text)
    SPI3_IRQHandler                          0x080001df   Thumb Code     0  startup_stm32f429xx.o(.text)
    SPI4_IRQHandler                          0x080001df   Thumb Code     0  startup_stm32f429xx.o(.text)
    SPI5_IRQHandler                          0x080001df   Thumb Code     0  startup_stm32f429xx.o(.text)
    SPI6_IRQHandler                          0x080001df   Thumb Code     0  startup_stm32f429xx.o(.text)
    TAMP_STAMP_IRQHandler                    0x080001df   Thumb Code     0  startup_stm32f429xx.o(.text)
    TIM1_BRK_TIM9_IRQHandler                 0x080001df   Thumb Code     0  startup_stm32f429xx.o(.text)
    TIM1_CC_IRQHandler                       0x080001df   Thumb Code     0  startup_stm32f429xx.o(.text)
    TIM1_TRG_COM_TIM11_IRQHandler            0x080001df   Thumb Code     0  startup_stm32f429xx.o(.text)
    TIM1_UP_TIM10_IRQHandler                 0x080001df   Thumb Code     0  startup_stm32f429xx.o(.text)
    TIM2_IRQHandler                          0x080001df   Thumb Code     0  startup_stm32f429xx.o(.text)
    TIM3_IRQHandler                          0x080001df   Thumb Code     0  startup_stm32f429xx.o(.text)
    TIM4_IRQHandler                          0x080001df   Thumb Code     0  startup_stm32f429xx.o(.text)
    TIM5_IRQHandler                          0x080001df   Thumb Code     0  startup_stm32f429xx.o(.text)
    TIM6_DAC_IRQHandler                      0x080001df   Thumb Code     0  startup_stm32f429xx.o(.text)
    TIM8_BRK_TIM12_IRQHandler                0x080001df   Thumb Code     0  startup_stm32f429xx.o(.text)
    TIM8_CC_IRQHandler                       0x080001df   Thumb Code     0  startup_stm32f429xx.o(.text)
    TIM8_TRG_COM_TIM14_IRQHandler            0x080001df   Thumb Code     0  startup_stm32f429xx.o(.text)
    TIM8_UP_TIM13_IRQHandler                 0x080001df   Thumb Code     0  startup_stm32f429xx.o(.text)
    UART4_IRQHandler                         0x080001df   Thumb Code     0  startup_stm32f429xx.o(.text)
    UART5_IRQHandler                         0x080001df   Thumb Code     0  startup_stm32f429xx.o(.text)
    UART7_IRQHandler                         0x080001df   Thumb Code     0  startup_stm32f429xx.o(.text)
    UART8_IRQHandler                         0x080001df   Thumb Code     0  startup_stm32f429xx.o(.text)
    USART1_IRQHandler                        0x080001df   Thumb Code     0  startup_stm32f429xx.o(.text)
    USART2_IRQHandler                        0x080001df   Thumb Code     0  startup_stm32f429xx.o(.text)
    USART3_IRQHandler                        0x080001df   Thumb Code     0  startup_stm32f429xx.o(.text)
    USART6_IRQHandler                        0x080001df   Thumb Code     0  startup_stm32f429xx.o(.text)
    WWDG_IRQHandler                          0x080001df   Thumb Code     0  startup_stm32f429xx.o(.text)
    __aeabi_uldivmod                         0x080001e9   Thumb Code    98  uldiv.o(.text)
    __aeabi_memset                           0x0800024b   Thumb Code    14  memseta.o(.text)
    __aeabi_memset4                          0x0800024b   Thumb Code     0  memseta.o(.text)
    __aeabi_memset8                          0x0800024b   Thumb Code     0  memseta.o(.text)
    __aeabi_memclr                           0x08000259   Thumb Code     4  memseta.o(.text)
    __aeabi_memclr4                          0x08000259   Thumb Code     0  memseta.o(.text)
    __aeabi_memclr8                          0x08000259   Thumb Code     0  memseta.o(.text)
    _memset$wrapper                          0x0800025d   Thumb Code    18  memseta.o(.text)
    __aeabi_llsl                             0x0800026f   Thumb Code    30  llshl.o(.text)
    _ll_shift_l                              0x0800026f   Thumb Code     0  llshl.o(.text)
    __aeabi_llsr                             0x0800028d   Thumb Code    32  llushr.o(.text)
    _ll_ushift_r                             0x0800028d   Thumb Code     0  llushr.o(.text)
    __scatterload                            0x080002ad   Thumb Code    28  init.o(.text)
    __scatterload_rt2                        0x080002ad   Thumb Code     0  init.o(.text)
    BusFault_Handler                         0x080002d1   Thumb Code     2  stm32f4xx_it.o(i.BusFault_Handler)
    CH395CMDCheckExist                       0x080002d3   Thumb Code    54  ch395cmd.o(i.CH395CMDCheckExist)
    CH395CMDGetGlobIntStatus_ALL             0x08000309   Thumb Code    62  ch395cmd.o(i.CH395CMDGetGlobIntStatus_ALL)
    CH395CMDGetPHYStatus                     0x08000347   Thumb Code    44  ch395cmd.o(i.CH395CMDGetPHYStatus)
    CH395CMDGetRemoteIPP                     0x08000373   Thumb Code    68  ch395cmd.o(i.CH395CMDGetRemoteIPP)
    CH395CMDInitCH395                        0x080003b7   Thumb Code    64  ch395cmd.o(i.CH395CMDInitCH395)
    CH395CMDSetGWIPAddr                      0x080003f7   Thumb Code    54  ch395cmd.o(i.CH395CMDSetGWIPAddr)
    CH395CMDSetIPAddr                        0x0800042d   Thumb Code    56  ch395cmd.o(i.CH395CMDSetIPAddr)
    CH395CloseSocket                         0x08000465   Thumb Code    74  ch395cmd.o(i.CH395CloseSocket)
    CH395GetCmdStatus                        0x080004af   Thumb Code    44  ch395cmd.o(i.CH395GetCmdStatus)
    CH395GetRecvData                         0x080004db   Thumb Code   102  ch395cmd.o(i.CH395GetRecvData)
    CH395GetRecvLength                       0x08000541   Thumb Code    66  ch395cmd.o(i.CH395GetRecvLength)
    CH395GetSocketInt                        0x08000583   Thumb Code    60  ch395cmd.o(i.CH395GetSocketInt)
    CH395OpenSocket                          0x080005bf   Thumb Code    74  ch395cmd.o(i.CH395OpenSocket)
    CH395SendData                            0x08000609   Thumb Code    92  ch395cmd.o(i.CH395SendData)
    CH395SetSocketProtType                   0x08000665   Thumb Code    54  ch395cmd.o(i.CH395SetSocketProtType)
    CH395SetSocketRecvBuf                    0x0800069b   Thumb Code    68  ch395cmd.o(i.CH395SetSocketRecvBuf)
    CH395SetSocketSendBuf                    0x080006df   Thumb Code    68  ch395cmd.o(i.CH395SetSocketSendBuf)
    CH395SetSocketSourPort                   0x08000723   Thumb Code    64  ch395cmd.o(i.CH395SetSocketSourPort)
    CH395SetStartPara                        0x08000763   Thumb Code    74  ch395cmd.o(i.CH395SetStartPara)
    CH395SocketInterrupt                     0x080007ad   Thumb Code   210  ch395cmd.o(i.CH395SocketInterrupt)
    CH395TCPListen                           0x0800087f   Thumb Code    74  ch395cmd.o(i.CH395TCPListen)
    CH395_Init                               0x080008c9   Thumb Code    88  ch395cmd.o(i.CH395_Init)
    CH395_InitSocketParam                    0x08000921   Thumb Code    54  ch395cmd.o(i.CH395_InitSocketParam)
    CH395_Port_Init                          0x08000957   Thumb Code    10  ch395spi_hw.o(i.CH395_Port_Init)
    CH395_SocketIRQ                          0x08000961   Thumb Code    36  ch395cmd.o(i.CH395_SocketIRQ)
    CH395_SocketIRQReceive_CallBack          0x08000985   Thumb Code    10  modbustcp.o(i.CH395_SocketIRQReceive_CallBack)
    CH395_SocketIRQTransmit_CallBack         0x08000995   Thumb Code     2  ch395cmd.o(i.CH395_SocketIRQTransmit_CallBack)
    DebugMon_Handler                         0x08000997   Thumb Code     2  stm32f4xx_it.o(i.DebugMon_Handler)
    Error_Handler                            0x08000999   Thumb Code     4  main.o(i.Error_Handler)
    HAL_Delay                                0x0800099d   Thumb Code    32  stm32f4xx_hal.o(i.HAL_Delay)
    HAL_GPIO_Init                            0x080009c1   Thumb Code   508  stm32f4xx_hal_gpio.o(i.HAL_GPIO_Init)
    HAL_GPIO_ReadPin                         0x08000bf1   Thumb Code    10  stm32f4xx_hal_gpio.o(i.HAL_GPIO_ReadPin)
    HAL_GPIO_WritePin                        0x08000bfb   Thumb Code    10  stm32f4xx_hal_gpio.o(i.HAL_GPIO_WritePin)
    HAL_GetTick                              0x08000c05   Thumb Code     6  stm32f4xx_hal.o(i.HAL_GetTick)
    HAL_IncTick                              0x08000c11   Thumb Code    12  stm32f4xx_hal.o(i.HAL_IncTick)
    HAL_Init                                 0x08000c21   Thumb Code    48  stm32f4xx_hal.o(i.HAL_Init)
    HAL_InitTick                             0x08000c55   Thumb Code   100  stm32f4xx_hal_timebase_tim.o(i.HAL_InitTick)
    HAL_MspInit                              0x08000cc9   Thumb Code    42  stm32f4xx_hal_msp.o(i.HAL_MspInit)
    HAL_NVIC_EnableIRQ                       0x08000cf9   Thumb Code    26  stm32f4xx_hal_cortex.o(i.HAL_NVIC_EnableIRQ)
    HAL_NVIC_SetPriority                     0x08000d15   Thumb Code    60  stm32f4xx_hal_cortex.o(i.HAL_NVIC_SetPriority)
    HAL_NVIC_SetPriorityGrouping             0x08000d55   Thumb Code    26  stm32f4xx_hal_cortex.o(i.HAL_NVIC_SetPriorityGrouping)
    HAL_PWREx_EnableOverDrive                0x08000d79   Thumb Code    98  stm32f4xx_hal_pwr_ex.o(i.HAL_PWREx_EnableOverDrive)
    HAL_RCC_ClockConfig                      0x08000de9   Thumb Code   288  stm32f4xx_hal_rcc.o(i.HAL_RCC_ClockConfig)
    HAL_RCC_GetClockConfig                   0x08000f1d   Thumb Code    54  stm32f4xx_hal_rcc.o(i.HAL_RCC_GetClockConfig)
    HAL_RCC_GetPCLK1Freq                     0x08000f5d   Thumb Code    20  stm32f4xx_hal_rcc.o(i.HAL_RCC_GetPCLK1Freq)
    HAL_RCC_GetPCLK2Freq                     0x08000f7d   Thumb Code    20  stm32f4xx_hal_rcc.o(i.HAL_RCC_GetPCLK2Freq)
    HAL_RCC_GetSysClockFreq                  0x08000f9d   Thumb Code    88  stm32f4xx_hal_rcc.o(i.HAL_RCC_GetSysClockFreq)
    HAL_RCC_OscConfig                        0x08001001   Thumb Code   856  stm32f4xx_hal_rcc.o(i.HAL_RCC_OscConfig)
    HAL_SPI_Init                             0x0800136d   Thumb Code   188  stm32f4xx_hal_spi.o(i.HAL_SPI_Init)
    HAL_SPI_MspInit                          0x08001429   Thumb Code    92  spi.o(i.HAL_SPI_MspInit)
    HAL_SPI_TransmitReceive                  0x08001491   Thumb Code   482  stm32f4xx_hal_spi.o(i.HAL_SPI_TransmitReceive)
    HAL_TIMEx_BreakCallback                  0x08001673   Thumb Code     2  stm32f4xx_hal_tim_ex.o(i.HAL_TIMEx_BreakCallback)
    HAL_TIMEx_CommutCallback                 0x08001675   Thumb Code     2  stm32f4xx_hal_tim_ex.o(i.HAL_TIMEx_CommutCallback)
    HAL_TIM_Base_Init                        0x08001677   Thumb Code    90  stm32f4xx_hal_tim.o(i.HAL_TIM_Base_Init)
    HAL_TIM_Base_MspInit                     0x080016d1   Thumb Code     2  stm32f4xx_hal_tim.o(i.HAL_TIM_Base_MspInit)
    HAL_TIM_Base_Start_IT                    0x080016d5   Thumb Code   100  stm32f4xx_hal_tim.o(i.HAL_TIM_Base_Start_IT)
    HAL_TIM_IC_CaptureCallback               0x08001755   Thumb Code     2  stm32f4xx_hal_tim.o(i.HAL_TIM_IC_CaptureCallback)
    HAL_TIM_IRQHandler                       0x08001757   Thumb Code   358  stm32f4xx_hal_tim.o(i.HAL_TIM_IRQHandler)
    HAL_TIM_OC_DelayElapsedCallback          0x080018bd   Thumb Code     2  stm32f4xx_hal_tim.o(i.HAL_TIM_OC_DelayElapsedCallback)
    HAL_TIM_PWM_PulseFinishedCallback        0x080018bf   Thumb Code     2  stm32f4xx_hal_tim.o(i.HAL_TIM_PWM_PulseFinishedCallback)
    HAL_TIM_PeriodElapsedCallback            0x080018c1   Thumb Code    14  main.o(i.HAL_TIM_PeriodElapsedCallback)
    HAL_TIM_TriggerCallback                  0x080018d5   Thumb Code     2  stm32f4xx_hal_tim.o(i.HAL_TIM_TriggerCallback)
    HAL_UART_Init                            0x080018d7   Thumb Code    98  stm32f4xx_hal_uart.o(i.HAL_UART_Init)
    HAL_UART_MspInit                         0x08001939   Thumb Code    94  usart.o(i.HAL_UART_MspInit)
    HardFault_Handler                        0x080019a5   Thumb Code     2  stm32f4xx_it.o(i.HardFault_Handler)
    MB_Parse_Data                            0x080019a9   Thumb Code    88  modbustcp.o(i.MB_Parse_Data)
    MB_TCP_RSP                               0x08001a09   Thumb Code    76  modbustcp.o(i.MB_TCP_RSP)
    MX_GPIO_Init                             0x08001a5d   Thumb Code   116  gpio.o(i.MX_GPIO_Init)
    MX_SPI1_Init                             0x08001ad9   Thumb Code    62  spi.o(i.MX_SPI1_Init)
    MX_USART1_UART_Init                      0x08001b21   Thumb Code    48  usart.o(i.MX_USART1_UART_Init)
    MemManage_Handler                        0x08001b59   Thumb Code     2  stm32f4xx_it.o(i.MemManage_Handler)
    NMI_Handler                              0x08001b5b   Thumb Code     2  stm32f4xx_it.o(i.NMI_Handler)
    PendSV_Handler                           0x08001b5d   Thumb Code     2  stm32f4xx_it.o(i.PendSV_Handler)
    SVC_Handler                              0x08001c71   Thumb Code     2  stm32f4xx_it.o(i.SVC_Handler)
    Spi395Exchange                           0x08001c73   Thumb Code    30  ch395spi_hw.o(i.Spi395Exchange)
    SysTick_Handler                          0x08001c91   Thumb Code     2  stm32f4xx_it.o(i.SysTick_Handler)
    SystemClock_Config                       0x08001c95   Thumb Code   150  main.o(i.SystemClock_Config)
    SystemInit                               0x08001d35   Thumb Code    12  system_stm32f4xx.o(i.SystemInit)
    TCP_Exception_RSP                        0x08001d45   Thumb Code    58  modbustcp.o(i.TCP_Exception_RSP)
    TCP_RSP_01_02                            0x08001d89   Thumb Code   362  modbustcp.o(i.TCP_RSP_01_02)
    TCP_RSP_03_04                            0x08001f05   Thumb Code   126  modbustcp.o(i.TCP_RSP_03_04)
    TCP_RSP_05                               0x08001f91   Thumb Code   118  modbustcp.o(i.TCP_RSP_05)
    TCP_RSP_06                               0x08002019   Thumb Code   100  modbustcp.o(i.TCP_RSP_06)
    TCP_RSP_15                               0x08002085   Thumb Code   264  modbustcp.o(i.TCP_RSP_15)
    TCP_RSP_16                               0x08002199   Thumb Code   126  modbustcp.o(i.TCP_RSP_16)
    TIM7_IRQHandler                          0x08002225   Thumb Code     6  stm32f4xx_it.o(i.TIM7_IRQHandler)
    TIM_Base_SetConfig                       0x08002231   Thumb Code   156  stm32f4xx_hal_tim.o(i.TIM_Base_SetConfig)
    UsageFault_Handler                       0x08002405   Thumb Code     2  stm32f4xx_it.o(i.UsageFault_Handler)
    __scatterload_copy                       0x08002427   Thumb Code    14  handlers.o(i.__scatterload_copy)
    __scatterload_null                       0x08002435   Thumb Code     2  handlers.o(i.__scatterload_null)
    __scatterload_zeroinit                   0x08002437   Thumb Code    14  handlers.o(i.__scatterload_zeroinit)
    mDelaymS                                 0x08002445   Thumb Code     4  ch395spi_hw.o(i.mDelaymS)
    mDelayuS                                 0x08002449   Thumb Code    18  ch395spi_hw.o(i.mDelayuS)
    main                                     0x0800245d   Thumb Code    78  main.o(i.main)
    transport_sendPacketBuffer               0x080024b5   Thumb Code    14  modbustcp.o(i.transport_sendPacketBuffer)
    xReadCH395Data                           0x080024c9   Thumb Code     6  ch395spi_hw.o(i.xReadCH395Data)
    xWriteCH395Cmd                           0x080024cf   Thumb Code    16  ch395spi_hw.o(i.xWriteCH395Cmd)
    xWriteCH395Data                          0x080024df   Thumb Code     4  ch395spi_hw.o(i.xWriteCH395Data)
    AHBPrescTable                            0x080024e2   Data          16  system_stm32f4xx.o(.constdata)
    APBPrescTable                            0x080024f2   Data           8  system_stm32f4xx.o(.constdata)
    Region$$Table$$Base                      0x080024fc   Number         0  anon$$obj.o(Region$$Table)
    Region$$Table$$Limit                     0x0800251c   Number         0  anon$$obj.o(Region$$Table)
    uwTickFreq                               0x20000000   Data           1  stm32f4xx_hal.o(.data)
    uwTickPrio                               0x20000004   Data           4  stm32f4xx_hal.o(.data)
    uwTick                                   0x20000008   Data           4  stm32f4xx_hal.o(.data)
    SystemCoreClock                          0x2000000c   Data           4  system_stm32f4xx.o(.data)
    P_RxCount                                0x20000010   Data           2  modbustcp.o(.data)
    P_TxCount                                0x20000012   Data           2  modbustcp.o(.data)
    P_Addr                                   0x20000014   Data           2  modbustcp.o(.data)
    P_RegNum                                 0x20000016   Data           2  modbustcp.o(.data)
    P_ByteNum                                0x20000018   Data           2  modbustcp.o(.data)
    Socket_0                                 0x2000001c   Data          36  modbustcp.o(.data)
    ch395_0                                  0x20000040   Data          52  modbustcp.o(.data)
    hspi1                                    0x20000074   Data          88  spi.o(.bss)
    huart1                                   0x200000cc   Data          68  usart.o(.bss)
    htim7                                    0x20000110   Data          72  stm32f4xx_hal_timebase_tim.o(.bss)
    Rx_Buf                                   0x20000158   Data        1024  modbustcp.o(.bss)
    Tx_Buf                                   0x20000558   Data        1024  modbustcp.o(.bss)
    coil                                     0x20000958   Data        1024  modbustcp.o(.bss)
    mreg                                     0x20000d58   Data        2048  modbustcp.o(.bss)
    __initial_sp                             0x20001d58   Data           0  startup_stm32f429xx.o(STACK)



==============================================================================

Memory Map of the image

  Image Entry point : 0x080001ad

  Load Region LR_IROM1 (Base: 0x08000000, Size: 0x00002590, Max: 0x00100000, ABSOLUTE)

    Execution Region ER_IROM1 (Exec base: 0x08000000, Load base: 0x08000000, Size: 0x0000251c, Max: 0x00100000, ABSOLUTE)

    Exec Addr    Load Addr    Size         Type   Attr      Idx    E Section Name        Object

    0x08000000   0x08000000   0x000001ac   Data   RO            3    RESET               startup_stm32f429xx.o
    0x080001ac   0x080001ac   0x00000000   Code   RO         3928  * .ARM.Collect$$$$00000000  mc_w.l(entry.o)
    0x080001ac   0x080001ac   0x00000004   Code   RO         3935    .ARM.Collect$$$$00000001  mc_w.l(entry2.o)
    0x080001b0   0x080001b0   0x00000004   Code   RO         3938    .ARM.Collect$$$$00000004  mc_w.l(entry5.o)
    0x080001b4   0x080001b4   0x00000000   Code   RO         3940    .ARM.Collect$$$$00000008  mc_w.l(entry7b.o)
    0x080001b4   0x080001b4   0x00000000   Code   RO         3942    .ARM.Collect$$$$0000000A  mc_w.l(entry8b.o)
    0x080001b4   0x080001b4   0x00000008   Code   RO         3943    .ARM.Collect$$$$0000000B  mc_w.l(entry9a.o)
    0x080001bc   0x080001bc   0x00000004   Code   RO         3950    .ARM.Collect$$$$0000000E  mc_w.l(entry12b.o)
    0x080001c0   0x080001c0   0x00000000   Code   RO         3945    .ARM.Collect$$$$0000000F  mc_w.l(entry10a.o)
    0x080001c0   0x080001c0   0x00000000   Code   RO         3947    .ARM.Collect$$$$00000011  mc_w.l(entry11a.o)
    0x080001c0   0x080001c0   0x00000004   Code   RO         3936    .ARM.Collect$$$$00002712  mc_w.l(entry2.o)
    0x080001c4   0x080001c4   0x00000024   Code   RO            4    .text               startup_stm32f429xx.o
    0x080001e8   0x080001e8   0x00000062   Code   RO         3931    .text               mc_w.l(uldiv.o)
    0x0800024a   0x0800024a   0x00000024   Code   RO         3933    .text               mc_w.l(memseta.o)
    0x0800026e   0x0800026e   0x0000001e   Code   RO         3951    .text               mc_w.l(llshl.o)
    0x0800028c   0x0800028c   0x00000020   Code   RO         3953    .text               mc_w.l(llushr.o)
    0x080002ac   0x080002ac   0x00000024   Code   RO         3955    .text               mc_w.l(init.o)
    0x080002d0   0x080002d0   0x00000002   Code   RO          324    i.BusFault_Handler  stm32f4xx_it.o
    0x080002d2   0x080002d2   0x00000036   Code   RO         3373    i.CH395CMDCheckExist  ch395cmd.o
    0x08000308   0x08000308   0x0000003e   Code   RO         3375    i.CH395CMDGetGlobIntStatus_ALL  ch395cmd.o
    0x08000346   0x08000346   0x0000002c   Code   RO         3377    i.CH395CMDGetPHYStatus  ch395cmd.o
    0x08000372   0x08000372   0x00000044   Code   RO         3378    i.CH395CMDGetRemoteIPP  ch395cmd.o
    0x080003b6   0x080003b6   0x00000040   Code   RO         3382    i.CH395CMDInitCH395  ch395cmd.o
    0x080003f6   0x080003f6   0x00000036   Code   RO         3384    i.CH395CMDSetGWIPAddr  ch395cmd.o
    0x0800042c   0x0800042c   0x00000038   Code   RO         3385    i.CH395CMDSetIPAddr  ch395cmd.o
    0x08000464   0x08000464   0x0000004a   Code   RO         3395    i.CH395CloseSocket  ch395cmd.o
    0x080004ae   0x080004ae   0x0000002c   Code   RO         3401    i.CH395GetCmdStatus  ch395cmd.o
    0x080004da   0x080004da   0x00000066   Code   RO         3404    i.CH395GetRecvData  ch395cmd.o
    0x08000540   0x08000540   0x00000042   Code   RO         3405    i.CH395GetRecvLength  ch395cmd.o
    0x08000582   0x08000582   0x0000003c   Code   RO         3406    i.CH395GetSocketInt  ch395cmd.o
    0x080005be   0x080005be   0x0000004a   Code   RO         3410    i.CH395OpenSocket   ch395cmd.o
    0x08000608   0x08000608   0x0000005c   Code   RO         3412    i.CH395SendData     ch395cmd.o
    0x08000664   0x08000664   0x00000036   Code   RO         3417    i.CH395SetSocketProtType  ch395cmd.o
    0x0800069a   0x0800069a   0x00000044   Code   RO         3418    i.CH395SetSocketRecvBuf  ch395cmd.o
    0x080006de   0x080006de   0x00000044   Code   RO         3419    i.CH395SetSocketSendBuf  ch395cmd.o
    0x08000722   0x08000722   0x00000040   Code   RO         3420    i.CH395SetSocketSourPort  ch395cmd.o
    0x08000762   0x08000762   0x0000004a   Code   RO         3421    i.CH395SetStartPara  ch395cmd.o
    0x080007ac   0x080007ac   0x000000d2   Code   RO         3424    i.CH395SocketInterrupt  ch395cmd.o
    0x0800087e   0x0800087e   0x0000004a   Code   RO         3427    i.CH395TCPListen    ch395cmd.o
    0x080008c8   0x080008c8   0x00000058   Code   RO         3430    i.CH395_Init        ch395cmd.o
    0x08000920   0x08000920   0x00000036   Code   RO         3431    i.CH395_InitSocketParam  ch395cmd.o
    0x08000956   0x08000956   0x0000000a   Code   RO         3772    i.CH395_Port_Init   ch395spi_hw.o
    0x08000960   0x08000960   0x00000024   Code   RO         3432    i.CH395_SocketIRQ   ch395cmd.o
    0x08000984   0x08000984   0x00000010   Code   RO         3831    i.CH395_SocketIRQReceive_CallBack  modbustcp.o
    0x08000994   0x08000994   0x00000002   Code   RO         3434    i.CH395_SocketIRQTransmit_CallBack  ch395cmd.o
    0x08000996   0x08000996   0x00000002   Code   RO          325    i.DebugMon_Handler  stm32f4xx_it.o
    0x08000998   0x08000998   0x00000004   Code   RO           13    i.Error_Handler     main.o
    0x0800099c   0x0800099c   0x00000024   Code   RO         1742    i.HAL_Delay         stm32f4xx_hal.o
    0x080009c0   0x080009c0   0x00000230   Code   RO         1198    i.HAL_GPIO_Init     stm32f4xx_hal_gpio.o
    0x08000bf0   0x08000bf0   0x0000000a   Code   RO         1200    i.HAL_GPIO_ReadPin  stm32f4xx_hal_gpio.o
    0x08000bfa   0x08000bfa   0x0000000a   Code   RO         1202    i.HAL_GPIO_WritePin  stm32f4xx_hal_gpio.o
    0x08000c04   0x08000c04   0x0000000c   Code   RO         1750    i.HAL_GetTick       stm32f4xx_hal.o
    0x08000c10   0x08000c10   0x00000010   Code   RO         1756    i.HAL_IncTick       stm32f4xx_hal.o
    0x08000c20   0x08000c20   0x00000034   Code   RO         1757    i.HAL_Init          stm32f4xx_hal.o
    0x08000c54   0x08000c54   0x00000074   Code   RO          430    i.HAL_InitTick      stm32f4xx_hal_timebase_tim.o
    0x08000cc8   0x08000cc8   0x00000030   Code   RO          406    i.HAL_MspInit       stm32f4xx_hal_msp.o
    0x08000cf8   0x08000cf8   0x0000001a   Code   RO         1605    i.HAL_NVIC_EnableIRQ  stm32f4xx_hal_cortex.o
    0x08000d12   0x08000d12   0x00000002   PAD
    0x08000d14   0x08000d14   0x00000040   Code   RO         1611    i.HAL_NVIC_SetPriority  stm32f4xx_hal_cortex.o
    0x08000d54   0x08000d54   0x00000024   Code   RO         1612    i.HAL_NVIC_SetPriorityGrouping  stm32f4xx_hal_cortex.o
    0x08000d78   0x08000d78   0x00000070   Code   RO         1534    i.HAL_PWREx_EnableOverDrive  stm32f4xx_hal_pwr_ex.o
    0x08000de8   0x08000de8   0x00000134   Code   RO          792    i.HAL_RCC_ClockConfig  stm32f4xx_hal_rcc.o
    0x08000f1c   0x08000f1c   0x00000040   Code   RO          796    i.HAL_RCC_GetClockConfig  stm32f4xx_hal_rcc.o
    0x08000f5c   0x08000f5c   0x00000020   Code   RO          799    i.HAL_RCC_GetPCLK1Freq  stm32f4xx_hal_rcc.o
    0x08000f7c   0x08000f7c   0x00000020   Code   RO          800    i.HAL_RCC_GetPCLK2Freq  stm32f4xx_hal_rcc.o
    0x08000f9c   0x08000f9c   0x00000064   Code   RO          801    i.HAL_RCC_GetSysClockFreq  stm32f4xx_hal_rcc.o
    0x08001000   0x08001000   0x0000036c   Code   RO          804    i.HAL_RCC_OscConfig  stm32f4xx_hal_rcc.o
    0x0800136c   0x0800136c   0x000000bc   Code   RO          480    i.HAL_SPI_Init      stm32f4xx_hal_spi.o
    0x08001428   0x08001428   0x00000068   Code   RO          244    i.HAL_SPI_MspInit   spi.o
    0x08001490   0x08001490   0x000001e2   Code   RO          489    i.HAL_SPI_TransmitReceive  stm32f4xx_hal_spi.o
    0x08001672   0x08001672   0x00000002   Code   RO         2711    i.HAL_TIMEx_BreakCallback  stm32f4xx_hal_tim_ex.o
    0x08001674   0x08001674   0x00000002   Code   RO         2712    i.HAL_TIMEx_CommutCallback  stm32f4xx_hal_tim_ex.o
    0x08001676   0x08001676   0x0000005a   Code   RO         2007    i.HAL_TIM_Base_Init  stm32f4xx_hal_tim.o
    0x080016d0   0x080016d0   0x00000002   Code   RO         2009    i.HAL_TIM_Base_MspInit  stm32f4xx_hal_tim.o
    0x080016d2   0x080016d2   0x00000002   PAD
    0x080016d4   0x080016d4   0x00000080   Code   RO         2012    i.HAL_TIM_Base_Start_IT  stm32f4xx_hal_tim.o
    0x08001754   0x08001754   0x00000002   Code   RO         2041    i.HAL_TIM_IC_CaptureCallback  stm32f4xx_hal_tim.o
    0x08001756   0x08001756   0x00000166   Code   RO         2055    i.HAL_TIM_IRQHandler  stm32f4xx_hal_tim.o
    0x080018bc   0x080018bc   0x00000002   Code   RO         2058    i.HAL_TIM_OC_DelayElapsedCallback  stm32f4xx_hal_tim.o
    0x080018be   0x080018be   0x00000002   Code   RO         2085    i.HAL_TIM_PWM_PulseFinishedCallback  stm32f4xx_hal_tim.o
    0x080018c0   0x080018c0   0x00000014   Code   RO           15    i.HAL_TIM_PeriodElapsedCallback  main.o
    0x080018d4   0x080018d4   0x00000002   Code   RO         2098    i.HAL_TIM_TriggerCallback  stm32f4xx_hal_tim.o
    0x080018d6   0x080018d6   0x00000062   Code   RO         3007    i.HAL_UART_Init     stm32f4xx_hal_uart.o
    0x08001938   0x08001938   0x0000006c   Code   RO          286    i.HAL_UART_MspInit  usart.o
    0x080019a4   0x080019a4   0x00000002   Code   RO          326    i.HardFault_Handler  stm32f4xx_it.o
    0x080019a6   0x080019a6   0x00000002   PAD
    0x080019a8   0x080019a8   0x00000060   Code   RO         3832    i.MB_Parse_Data     modbustcp.o
    0x08001a08   0x08001a08   0x00000054   Code   RO         3833    i.MB_TCP_RSP        modbustcp.o
    0x08001a5c   0x08001a5c   0x0000007c   Code   RO          216    i.MX_GPIO_Init      gpio.o
    0x08001ad8   0x08001ad8   0x00000048   Code   RO          245    i.MX_SPI1_Init      spi.o
    0x08001b20   0x08001b20   0x00000038   Code   RO          287    i.MX_USART1_UART_Init  usart.o
    0x08001b58   0x08001b58   0x00000002   Code   RO          327    i.MemManage_Handler  stm32f4xx_it.o
    0x08001b5a   0x08001b5a   0x00000002   Code   RO          328    i.NMI_Handler       stm32f4xx_it.o
    0x08001b5c   0x08001b5c   0x00000002   Code   RO          329    i.PendSV_Handler    stm32f4xx_it.o
    0x08001b5e   0x08001b5e   0x00000002   PAD
    0x08001b60   0x08001b60   0x00000058   Code   RO          518    i.SPI_EndRxTxTransaction  stm32f4xx_hal_spi.o
    0x08001bb8   0x08001bb8   0x000000b8   Code   RO          523    i.SPI_WaitFlagStateUntilTimeout  stm32f4xx_hal_spi.o
    0x08001c70   0x08001c70   0x00000002   Code   RO          330    i.SVC_Handler       stm32f4xx_it.o
    0x08001c72   0x08001c72   0x0000001e   Code   RO         3773    i.Spi395Exchange    ch395spi_hw.o
    0x08001c90   0x08001c90   0x00000002   Code   RO          331    i.SysTick_Handler   stm32f4xx_it.o
    0x08001c92   0x08001c92   0x00000002   PAD
    0x08001c94   0x08001c94   0x000000a0   Code   RO           16    i.SystemClock_Config  main.o
    0x08001d34   0x08001d34   0x00000010   Code   RO         3336    i.SystemInit        system_stm32f4xx.o
    0x08001d44   0x08001d44   0x00000044   Code   RO         3834    i.TCP_Exception_RSP  modbustcp.o
    0x08001d88   0x08001d88   0x0000017c   Code   RO         3835    i.TCP_RSP_01_02     modbustcp.o
    0x08001f04   0x08001f04   0x0000008c   Code   RO         3836    i.TCP_RSP_03_04     modbustcp.o
    0x08001f90   0x08001f90   0x00000088   Code   RO         3837    i.TCP_RSP_05        modbustcp.o
    0x08002018   0x08002018   0x0000006c   Code   RO         3838    i.TCP_RSP_06        modbustcp.o
    0x08002084   0x08002084   0x00000114   Code   RO         3839    i.TCP_RSP_15        modbustcp.o
    0x08002198   0x08002198   0x0000008c   Code   RO         3840    i.TCP_RSP_16        modbustcp.o
    0x08002224   0x08002224   0x0000000c   Code   RO          332    i.TIM7_IRQHandler   stm32f4xx_it.o
    0x08002230   0x08002230   0x000000c8   Code   RO         2100    i.TIM_Base_SetConfig  stm32f4xx_hal_tim.o
    0x080022f8   0x080022f8   0x0000010c   Code   RO         3033    i.UART_SetConfig    stm32f4xx_hal_uart.o
    0x08002404   0x08002404   0x00000002   Code   RO          333    i.UsageFault_Handler  stm32f4xx_it.o
    0x08002406   0x08002406   0x00000020   Code   RO         1618    i.__NVIC_SetPriority  stm32f4xx_hal_cortex.o
    0x08002426   0x08002426   0x0000000e   Code   RO         3959    i.__scatterload_copy  mc_w.l(handlers.o)
    0x08002434   0x08002434   0x00000002   Code   RO         3960    i.__scatterload_null  mc_w.l(handlers.o)
    0x08002436   0x08002436   0x0000000e   Code   RO         3961    i.__scatterload_zeroinit  mc_w.l(handlers.o)
    0x08002444   0x08002444   0x00000004   Code   RO         3774    i.mDelaymS          ch395spi_hw.o
    0x08002448   0x08002448   0x00000012   Code   RO         3775    i.mDelayuS          ch395spi_hw.o
    0x0800245a   0x0800245a   0x00000002   PAD
    0x0800245c   0x0800245c   0x00000058   Code   RO           18    i.main              main.o
    0x080024b4   0x080024b4   0x00000014   Code   RO         3841    i.transport_sendPacketBuffer  modbustcp.o
    0x080024c8   0x080024c8   0x00000006   Code   RO         3776    i.xReadCH395Data    ch395spi_hw.o
    0x080024ce   0x080024ce   0x00000010   Code   RO         3777    i.xWriteCH395Cmd    ch395spi_hw.o
    0x080024de   0x080024de   0x00000004   Code   RO         3778    i.xWriteCH395Data   ch395spi_hw.o
    0x080024e2   0x080024e2   0x00000010   Data   RO         3337    .constdata          system_stm32f4xx.o
    0x080024f2   0x080024f2   0x00000008   Data   RO         3338    .constdata          system_stm32f4xx.o
    0x080024fa   0x080024fa   0x00000002   PAD
    0x080024fc   0x080024fc   0x00000020   Data   RO         3957    Region$$Table       anon$$obj.o


    Execution Region RW_IRAM2 (Exec base: 0x10000000, Load base: 0x08002590, Size: 0x00000000, Max: 0x00010000, ABSOLUTE)

    **** No section assigned to this execution region ****


    Execution Region RW_IRAM1 (Exec base: 0x20000000, Load base: 0x0800251c, Size: 0x00001d58, Max: 0x00030000, ABSOLUTE)

    Exec Addr    Load Addr    Size         Type   Attr      Idx    E Section Name        Object

    0x20000000   0x0800251c   0x0000000c   Data   RW         1764    .data               stm32f4xx_hal.o
    0x2000000c   0x08002528   0x00000004   Data   RW         3339    .data               system_stm32f4xx.o
    0x20000010   0x0800252c   0x00000064   Data   RW         3843    .data               modbustcp.o
    0x20000074        -       0x00000058   Zero   RW          246    .bss                spi.o
    0x200000cc        -       0x00000044   Zero   RW          288    .bss                usart.o
    0x20000110        -       0x00000048   Zero   RW          433    .bss                stm32f4xx_hal_timebase_tim.o
    0x20000158        -       0x00001400   Zero   RW         3842    .bss                modbustcp.o
    0x20001558        -       0x00000800   Zero   RW            1    STACK               startup_stm32f429xx.o


==============================================================================

Image component sizes


      Code (inc. data)   RO Data    RW Data    ZI Data      Debug   Object Name

      1706          0          0          0          0      23645   ch395cmd.o
        88          0          0          0          0       4271   ch395spi_hw.o
       124          8          0          0          0        927   gpio.o
       272         26          0          0          0     760457   main.o
      1464        122          0        100       5120      10273   modbustcp.o
       176         22          0          0         88       1701   spi.o
        36          8        428          0       2048        840   startup_stm32f429xx.o
       116         18          0         12          0       8886   stm32f4xx_hal.o
       158         14          0          0          0      33166   stm32f4xx_hal_cortex.o
       580         52          0          0          0       2879   stm32f4xx_hal_gpio.o
        48          6          0          0          0        862   stm32f4xx_hal_msp.o
       112         14          0          0          0       1292   stm32f4xx_hal_pwr_ex.o
      1412         86          0          0          0       5917   stm32f4xx_hal_rcc.o
       942         12          0          0          0       4925   stm32f4xx_hal_spi.o
       786         72          0          0          0       7384   stm32f4xx_hal_tim.o
         4          0          0          0          0       1609   stm32f4xx_hal_tim_ex.o
       116         16          0          0         72       1431   stm32f4xx_hal_timebase_tim.o
       366         10          0          0          0       1996   stm32f4xx_hal_uart.o
        30          6          0          0          0       4656   stm32f4xx_it.o
        16          4         24          4          0       1139   system_stm32f4xx.o
       164         22          0          0         68       1726   usart.o

    ----------------------------------------------------------------------
      8728        518        486        116       7396     879982   Object Totals
         0          0         32          0          0          0   (incl. Generated)
        12          0          2          0          0          0   (incl. Padding)

    ----------------------------------------------------------------------

      Code (inc. data)   RO Data    RW Data    ZI Data      Debug   Library Member Name

         0          0          0          0          0          0   entry.o
         0          0          0          0          0          0   entry10a.o
         0          0          0          0          0          0   entry11a.o
         4          0          0          0          0          0   entry12b.o
         8          4          0          0          0          0   entry2.o
         4          0          0          0          0          0   entry5.o
         0          0          0          0          0          0   entry7b.o
         0          0          0          0          0          0   entry8b.o
         8          4          0          0          0          0   entry9a.o
        30          0          0          0          0          0   handlers.o
        36          8          0          0          0         68   init.o
        30          0          0          0          0         68   llshl.o
        32          0          0          0          0         68   llushr.o
        36          0          0          0          0        108   memseta.o
        98          0          0          0          0         92   uldiv.o

    ----------------------------------------------------------------------
       286         16          0          0          0        404   Library Totals
         0          0          0          0          0          0   (incl. Padding)

    ----------------------------------------------------------------------

      Code (inc. data)   RO Data    RW Data    ZI Data      Debug   Library Name

       286         16          0          0          0        404   mc_w.l

    ----------------------------------------------------------------------
       286         16          0          0          0        404   Library Totals

    ----------------------------------------------------------------------

==============================================================================


      Code (inc. data)   RO Data    RW Data    ZI Data      Debug   

      9014        534        486        116       7396     871186   Grand Totals
      9014        534        486        116       7396     871186   ELF Image Totals
      9014        534        486        116          0          0   ROM Totals

==============================================================================

    Total RO  Size (Code + RO Data)                 9500 (   9.28kB)
    Total RW  Size (RW Data + ZI Data)              7512 (   7.34kB)
    Total ROM Size (Code + RO Data + RW Data)       9616 (   9.39kB)

==============================================================================

